

================================================================
== Vitis HLS Report for 'fullSystem'
================================================================
* Date:           Tue Jul 23 19:25:06 2024

* Version:        2020.2 (Build 3064766 on Wed Nov 18 09:12:45 MST 2020)
* Project:        MediumTrackFinder
* Solution:       solution1 (Vivado IP Flow Target)
* Product family: virtexuplus
* Target device:  xcvu11p-flga2577-1-e


================================================================
== Performance Estimates
================================================================
+ Timing: 
    * Summary: 
    +--------+----------+----------+------------+
    |  Clock |  Target  | Estimated| Uncertainty|
    +--------+----------+----------+------------+
    |ap_clk  |  10.00 ns|  3.830 ns|     2.70 ns|
    +--------+----------+----------+------------+

+ Latency: 
    * Summary: 
    +---------+---------+-----------+-----------+-----+-----+----------+
    |  Latency (cycles) |   Latency (absolute)  |  Interval | Pipeline |
    |   min   |   max   |    min    |    max    | min | max |   Type   |
    +---------+---------+-----------+-----------+-----+-----+----------+
    |        1|        1|  10.000 ns|  10.000 ns|    1|    1|  dataflow|
    +---------+---------+-----------+-----------+-----+-----+----------+

    + Detail: 
        * Instance: 
        +-------------------------+----------------------+---------+---------+----------+----------+-----+-----+---------+
        |                         |                      |  Latency (cycles) |  Latency (absolute) |  Interval | Pipeline|
        |         Instance        |        Module        |   min   |   max   |    min   |    max   | min | max |   Type  |
        +-------------------------+----------------------+---------+---------+----------+----------+-----+-----+---------+
        |fullSystem_entry3_U0     |fullSystem_entry3     |        0|        0|      0 ns|      0 ns|    0|    0|     none|
        |fullSystem_entry45_U0    |fullSystem_entry45    |        0|        0|      0 ns|      0 ns|    0|    0|     none|
        |Block_split6668_proc_U0  |Block_split6668_proc  |        0|        0|      0 ns|      0 ns|    0|    0|     none|
        +-------------------------+----------------------+---------+---------+----------+----------+-----+-----+---------+

        * Loop: 
        N/A



================================================================
== Utilization Estimates
================================================================
* Summary: 
+---------------------+---------+------+---------+---------+-----+
|         Name        | BRAM_18K|  DSP |    FF   |   LUT   | URAM|
+---------------------+---------+------+---------+---------+-----+
|DSP                  |        -|     -|        -|        -|    -|
|Expression           |        -|     -|        0|       12|    -|
|FIFO                 |        -|     -|    14256|     9648|    -|
|Instance             |        -|     -|        7|     3930|    -|
|Memory               |        -|     -|        -|        -|    -|
|Multiplexer          |        -|     -|        -|       18|    -|
|Register             |        -|     -|        2|        -|    -|
+---------------------+---------+------+---------+---------+-----+
|Total                |        0|     0|    14265|    13608|    0|
+---------------------+---------+------+---------+---------+-----+
|Available SLR        |     1344|  3072|   864000|   432000|  320|
+---------------------+---------+------+---------+---------+-----+
|Utilization SLR (%)  |        0|     0|        1|        3|    0|
+---------------------+---------+------+---------+---------+-----+
|Available            |     4032|  9216|  2592000|  1296000|  960|
+---------------------+---------+------+---------+---------+-----+
|Utilization (%)      |        0|     0|       ~0|        1|    0|
+---------------------+---------+------+---------+---------+-----+

+ Detail: 
    * Instance: 
    +-------------------------+----------------------+---------+----+---+------+-----+
    |         Instance        |        Module        | BRAM_18K| DSP| FF|  LUT | URAM|
    +-------------------------+----------------------+---------+----+---+------+-----+
    |Block_split6668_proc_U0  |Block_split6668_proc  |        0|   0|  2|    11|    0|
    |fullSystem_entry3_U0     |fullSystem_entry3     |        0|   0|  3|  1316|    0|
    |fullSystem_entry45_U0    |fullSystem_entry45    |        0|   0|  2|  2603|    0|
    +-------------------------+----------------------+---------+----+---+------+-----+
    |Total                    |                      |        0|   0|  7|  3930|    0|
    +-------------------------+----------------------+---------+----+---+------+-----+

    * DSP: 
    N/A

    * Memory: 
    N/A

    * FIFO: 
    +---------------------------+---------+-----+----+-----+------+-----+---------+
    |            Name           | BRAM_18K|  FF | LUT| URAM| Depth| Bits| Size:D*B|
    +---------------------------+---------+-----+----+-----+------+-----+---------+
    |coordinates_0_0_0_c1_U     |        0|   99|   0|    -|     2|   32|       64|
    |coordinates_0_0_10_c11_U   |        0|   99|   0|    -|     2|   32|       64|
    |coordinates_0_0_11_c12_U   |        0|   99|   0|    -|     2|   32|       64|
    |coordinates_0_0_12_c13_U   |        0|   99|   0|    -|     2|   32|       64|
    |coordinates_0_0_13_c14_U   |        0|   99|   0|    -|     2|   32|       64|
    |coordinates_0_0_14_c15_U   |        0|   99|   0|    -|     2|   32|       64|
    |coordinates_0_0_15_c16_U   |        0|   99|   0|    -|     2|   32|       64|
    |coordinates_0_0_1_c2_U     |        0|   99|   0|    -|     2|   32|       64|
    |coordinates_0_0_2_c3_U     |        0|   99|   0|    -|     2|   32|       64|
    |coordinates_0_0_3_c4_U     |        0|   99|   0|    -|     2|   32|       64|
    |coordinates_0_0_4_c5_U     |        0|   99|   0|    -|     2|   32|       64|
    |coordinates_0_0_5_c6_U     |        0|   99|   0|    -|     2|   32|       64|
    |coordinates_0_0_6_c7_U     |        0|   99|   0|    -|     2|   32|       64|
    |coordinates_0_0_7_c8_U     |        0|   99|   0|    -|     2|   32|       64|
    |coordinates_0_0_8_c9_U     |        0|   99|   0|    -|     2|   32|       64|
    |coordinates_0_0_9_c10_U    |        0|   99|   0|    -|     2|   32|       64|
    |coordinates_1_0_0_c17_U    |        0|   99|   0|    -|     2|   32|       64|
    |coordinates_1_0_10_c27_U   |        0|   99|   0|    -|     2|   32|       64|
    |coordinates_1_0_11_c28_U   |        0|   99|   0|    -|     2|   32|       64|
    |coordinates_1_0_12_c29_U   |        0|   99|   0|    -|     2|   32|       64|
    |coordinates_1_0_13_c30_U   |        0|   99|   0|    -|     2|   32|       64|
    |coordinates_1_0_14_c31_U   |        0|   99|   0|    -|     2|   32|       64|
    |coordinates_1_0_15_c32_U   |        0|   99|   0|    -|     2|   32|       64|
    |coordinates_1_0_1_c18_U    |        0|   99|   0|    -|     2|   32|       64|
    |coordinates_1_0_2_c19_U    |        0|   99|   0|    -|     2|   32|       64|
    |coordinates_1_0_3_c20_U    |        0|   99|   0|    -|     2|   32|       64|
    |coordinates_1_0_4_c21_U    |        0|   99|   0|    -|     2|   32|       64|
    |coordinates_1_0_5_c22_U    |        0|   99|   0|    -|     2|   32|       64|
    |coordinates_1_0_6_c23_U    |        0|   99|   0|    -|     2|   32|       64|
    |coordinates_1_0_7_c24_U    |        0|   99|   0|    -|     2|   32|       64|
    |coordinates_1_0_8_c25_U    |        0|   99|   0|    -|     2|   32|       64|
    |coordinates_1_0_9_c26_U    |        0|   99|   0|    -|     2|   32|       64|
    |coordinates_1_1_0_c33_U    |        0|   99|   0|    -|     2|   32|       64|
    |coordinates_1_1_10_c43_U   |        0|   99|   0|    -|     2|   32|       64|
    |coordinates_1_1_11_c44_U   |        0|   99|   0|    -|     2|   32|       64|
    |coordinates_1_1_12_c45_U   |        0|   99|   0|    -|     2|   32|       64|
    |coordinates_1_1_13_c46_U   |        0|   99|   0|    -|     2|   32|       64|
    |coordinates_1_1_14_c47_U   |        0|   99|   0|    -|     2|   32|       64|
    |coordinates_1_1_15_c48_U   |        0|   99|   0|    -|     2|   32|       64|
    |coordinates_1_1_1_c34_U    |        0|   99|   0|    -|     2|   32|       64|
    |coordinates_1_1_2_c35_U    |        0|   99|   0|    -|     2|   32|       64|
    |coordinates_1_1_3_c36_U    |        0|   99|   0|    -|     2|   32|       64|
    |coordinates_1_1_4_c37_U    |        0|   99|   0|    -|     2|   32|       64|
    |coordinates_1_1_5_c38_U    |        0|   99|   0|    -|     2|   32|       64|
    |coordinates_1_1_6_c39_U    |        0|   99|   0|    -|     2|   32|       64|
    |coordinates_1_1_7_c40_U    |        0|   99|   0|    -|     2|   32|       64|
    |coordinates_1_1_8_c41_U    |        0|   99|   0|    -|     2|   32|       64|
    |coordinates_1_1_9_c42_U    |        0|   99|   0|    -|     2|   32|       64|
    |coordinates_2_0_0_c49_U    |        0|   99|   0|    -|     2|   32|       64|
    |coordinates_2_0_10_c59_U   |        0|   99|   0|    -|     2|   32|       64|
    |coordinates_2_0_11_c60_U   |        0|   99|   0|    -|     2|   32|       64|
    |coordinates_2_0_12_c61_U   |        0|   99|   0|    -|     2|   32|       64|
    |coordinates_2_0_13_c62_U   |        0|   99|   0|    -|     2|   32|       64|
    |coordinates_2_0_14_c63_U   |        0|   99|   0|    -|     2|   32|       64|
    |coordinates_2_0_15_c64_U   |        0|   99|   0|    -|     2|   32|       64|
    |coordinates_2_0_1_c50_U    |        0|   99|   0|    -|     2|   32|       64|
    |coordinates_2_0_2_c51_U    |        0|   99|   0|    -|     2|   32|       64|
    |coordinates_2_0_3_c52_U    |        0|   99|   0|    -|     2|   32|       64|
    |coordinates_2_0_4_c53_U    |        0|   99|   0|    -|     2|   32|       64|
    |coordinates_2_0_5_c54_U    |        0|   99|   0|    -|     2|   32|       64|
    |coordinates_2_0_6_c55_U    |        0|   99|   0|    -|     2|   32|       64|
    |coordinates_2_0_7_c56_U    |        0|   99|   0|    -|     2|   32|       64|
    |coordinates_2_0_8_c57_U    |        0|   99|   0|    -|     2|   32|       64|
    |coordinates_2_0_9_c58_U    |        0|   99|   0|    -|     2|   32|       64|
    |coordinates_2_1_0_c65_U    |        0|   99|   0|    -|     2|   32|       64|
    |coordinates_2_1_10_c75_U   |        0|   99|   0|    -|     2|   32|       64|
    |coordinates_2_1_11_c76_U   |        0|   99|   0|    -|     2|   32|       64|
    |coordinates_2_1_12_c77_U   |        0|   99|   0|    -|     2|   32|       64|
    |coordinates_2_1_13_c78_U   |        0|   99|   0|    -|     2|   32|       64|
    |coordinates_2_1_14_c79_U   |        0|   99|   0|    -|     2|   32|       64|
    |coordinates_2_1_15_c80_U   |        0|   99|   0|    -|     2|   32|       64|
    |coordinates_2_1_1_c66_U    |        0|   99|   0|    -|     2|   32|       64|
    |coordinates_2_1_2_c67_U    |        0|   99|   0|    -|     2|   32|       64|
    |coordinates_2_1_3_c68_U    |        0|   99|   0|    -|     2|   32|       64|
    |coordinates_2_1_4_c69_U    |        0|   99|   0|    -|     2|   32|       64|
    |coordinates_2_1_5_c70_U    |        0|   99|   0|    -|     2|   32|       64|
    |coordinates_2_1_6_c71_U    |        0|   99|   0|    -|     2|   32|       64|
    |coordinates_2_1_7_c72_U    |        0|   99|   0|    -|     2|   32|       64|
    |coordinates_2_1_8_c73_U    |        0|   99|   0|    -|     2|   32|       64|
    |coordinates_2_1_9_c74_U    |        0|   99|   0|    -|     2|   32|       64|
    |coordinates_2_2_0_c81_U    |        0|   99|   0|    -|     2|   32|       64|
    |coordinates_2_2_10_c91_U   |        0|   99|   0|    -|     2|   32|       64|
    |coordinates_2_2_11_c92_U   |        0|   99|   0|    -|     2|   32|       64|
    |coordinates_2_2_12_c93_U   |        0|   99|   0|    -|     2|   32|       64|
    |coordinates_2_2_13_c94_U   |        0|   99|   0|    -|     2|   32|       64|
    |coordinates_2_2_14_c95_U   |        0|   99|   0|    -|     2|   32|       64|
    |coordinates_2_2_15_c96_U   |        0|   99|   0|    -|     2|   32|       64|
    |coordinates_2_2_1_c82_U    |        0|   99|   0|    -|     2|   32|       64|
    |coordinates_2_2_2_c83_U    |        0|   99|   0|    -|     2|   32|       64|
    |coordinates_2_2_3_c84_U    |        0|   99|   0|    -|     2|   32|       64|
    |coordinates_2_2_4_c85_U    |        0|   99|   0|    -|     2|   32|       64|
    |coordinates_2_2_5_c86_U    |        0|   99|   0|    -|     2|   32|       64|
    |coordinates_2_2_6_c87_U    |        0|   99|   0|    -|     2|   32|       64|
    |coordinates_2_2_7_c88_U    |        0|   99|   0|    -|     2|   32|       64|
    |coordinates_2_2_8_c89_U    |        0|   99|   0|    -|     2|   32|       64|
    |coordinates_2_2_9_c90_U    |        0|   99|   0|    -|     2|   32|       64|
    |coordinates_3_1_0_c97_U    |        0|   99|   0|    -|     2|   32|       64|
    |coordinates_3_1_10_c107_U  |        0|   99|   0|    -|     2|   32|       64|
    |coordinates_3_1_11_c108_U  |        0|   99|   0|    -|     2|   32|       64|
    |coordinates_3_1_12_c109_U  |        0|   99|   0|    -|     2|   32|       64|
    |coordinates_3_1_13_c110_U  |        0|   99|   0|    -|     2|   32|       64|
    |coordinates_3_1_14_c111_U  |        0|   99|   0|    -|     2|   32|       64|
    |coordinates_3_1_15_c112_U  |        0|   99|   0|    -|     2|   32|       64|
    |coordinates_3_1_1_c98_U    |        0|   99|   0|    -|     2|   32|       64|
    |coordinates_3_1_2_c99_U    |        0|   99|   0|    -|     2|   32|       64|
    |coordinates_3_1_3_c100_U   |        0|   99|   0|    -|     2|   32|       64|
    |coordinates_3_1_4_c101_U   |        0|   99|   0|    -|     2|   32|       64|
    |coordinates_3_1_5_c102_U   |        0|   99|   0|    -|     2|   32|       64|
    |coordinates_3_1_6_c103_U   |        0|   99|   0|    -|     2|   32|       64|
    |coordinates_3_1_7_c104_U   |        0|   99|   0|    -|     2|   32|       64|
    |coordinates_3_1_8_c105_U   |        0|   99|   0|    -|     2|   32|       64|
    |coordinates_3_1_9_c106_U   |        0|   99|   0|    -|     2|   32|       64|
    |coordinates_3_2_0_c113_U   |        0|   99|   0|    -|     2|   32|       64|
    |coordinates_3_2_10_c123_U  |        0|   99|   0|    -|     2|   32|       64|
    |coordinates_3_2_11_c124_U  |        0|   99|   0|    -|     2|   32|       64|
    |coordinates_3_2_12_c125_U  |        0|   99|   0|    -|     2|   32|       64|
    |coordinates_3_2_13_c126_U  |        0|   99|   0|    -|     2|   32|       64|
    |coordinates_3_2_14_c127_U  |        0|   99|   0|    -|     2|   32|       64|
    |coordinates_3_2_15_c128_U  |        0|   99|   0|    -|     2|   32|       64|
    |coordinates_3_2_1_c114_U   |        0|   99|   0|    -|     2|   32|       64|
    |coordinates_3_2_2_c115_U   |        0|   99|   0|    -|     2|   32|       64|
    |coordinates_3_2_3_c116_U   |        0|   99|   0|    -|     2|   32|       64|
    |coordinates_3_2_4_c117_U   |        0|   99|   0|    -|     2|   32|       64|
    |coordinates_3_2_5_c118_U   |        0|   99|   0|    -|     2|   32|       64|
    |coordinates_3_2_6_c119_U   |        0|   99|   0|    -|     2|   32|       64|
    |coordinates_3_2_7_c120_U   |        0|   99|   0|    -|     2|   32|       64|
    |coordinates_3_2_8_c121_U   |        0|   99|   0|    -|     2|   32|       64|
    |coordinates_3_2_9_c122_U   |        0|   99|   0|    -|     2|   32|       64|
    |coordinates_4_2_0_c129_U   |        0|   99|   0|    -|     2|   32|       64|
    |coordinates_4_2_10_c139_U  |        0|   99|   0|    -|     2|   32|       64|
    |coordinates_4_2_11_c140_U  |        0|   99|   0|    -|     2|   32|       64|
    |coordinates_4_2_12_c141_U  |        0|   99|   0|    -|     2|   32|       64|
    |coordinates_4_2_13_c142_U  |        0|   99|   0|    -|     2|   32|       64|
    |coordinates_4_2_14_c143_U  |        0|   99|   0|    -|     2|   32|       64|
    |coordinates_4_2_15_c144_U  |        0|   99|   0|    -|     2|   32|       64|
    |coordinates_4_2_1_c130_U   |        0|   99|   0|    -|     2|   32|       64|
    |coordinates_4_2_2_c131_U   |        0|   99|   0|    -|     2|   32|       64|
    |coordinates_4_2_3_c132_U   |        0|   99|   0|    -|     2|   32|       64|
    |coordinates_4_2_4_c133_U   |        0|   99|   0|    -|     2|   32|       64|
    |coordinates_4_2_5_c134_U   |        0|   99|   0|    -|     2|   32|       64|
    |coordinates_4_2_6_c135_U   |        0|   99|   0|    -|     2|   32|       64|
    |coordinates_4_2_7_c136_U   |        0|   99|   0|    -|     2|   32|       64|
    |coordinates_4_2_8_c137_U   |        0|   99|   0|    -|     2|   32|       64|
    |coordinates_4_2_9_c138_U   |        0|   99|   0|    -|     2|   32|       64|
    +---------------------------+---------+-----+----+-----+------+-----+---------+
    |Total                      |        0|14256|   0|    0|   288| 4608|     9216|
    +---------------------------+---------+-----+----+-----+------+-----+---------+

    * Expression: 
    +------------------------------------------+----------+----+---+----+------------+------------+
    |               Variable Name              | Operation| DSP| FF| LUT| Bitwidth P0| Bitwidth P1|
    +------------------------------------------+----------+----+---+----+------------+------------+
    |Block_split6668_proc_U0_ap_start          |       and|   0|  0|   2|           1|           1|
    |ap_idle                                   |       and|   0|  0|   2|           1|           1|
    |ap_sync_ready                             |       and|   0|  0|   2|           1|           1|
    |fullSystem_entry3_U0_ap_start             |       and|   0|  0|   2|           1|           1|
    |ap_sync_Block_split6668_proc_U0_ap_ready  |        or|   0|  0|   2|           1|           1|
    |ap_sync_fullSystem_entry3_U0_ap_ready     |        or|   0|  0|   2|           1|           1|
    +------------------------------------------+----------+----+---+----+------------+------------+
    |Total                                     |          |   0|  0|  12|           6|           6|
    +------------------------------------------+----------+----+---+----+------------+------------+

    * Multiplexer: 
    +----------------------------------------------+----+-----------+-----+-----------+
    |                     Name                     | LUT| Input Size| Bits| Total Bits|
    +----------------------------------------------+----+-----------+-----+-----------+
    |ap_sync_reg_Block_split6668_proc_U0_ap_ready  |   9|          2|    1|          2|
    |ap_sync_reg_fullSystem_entry3_U0_ap_ready     |   9|          2|    1|          2|
    +----------------------------------------------+----+-----------+-----+-----------+
    |Total                                         |  18|          4|    2|          4|
    +----------------------------------------------+----+-----------+-----+-----------+

    * Register: 
    +----------------------------------------------+---+----+-----+-----------+
    |                     Name                     | FF| LUT| Bits| Const Bits|
    +----------------------------------------------+---+----+-----+-----------+
    |ap_sync_reg_Block_split6668_proc_U0_ap_ready  |  1|   0|    1|          0|
    |ap_sync_reg_fullSystem_entry3_U0_ap_ready     |  1|   0|    1|          0|
    +----------------------------------------------+---+----+-----+-----------+
    |Total                                         |  2|   0|    2|          0|
    +----------------------------------------------+---+----+-----+-----------+



================================================================
== Interface
================================================================
* Summary: 
+-----------------------------+-----+-----+------------+----------------------+--------------+
|          RTL Ports          | Dir | Bits|  Protocol  |     Source Object    |    C Type    |
+-----------------------------+-----+-----+------------+----------------------+--------------+
|coordinates_0_0_0            |   in|   32|     ap_none|     coordinates_0_0_0|       pointer|
|coordinates_0_0_1            |   in|   32|     ap_none|     coordinates_0_0_1|       pointer|
|coordinates_0_0_2            |   in|   32|     ap_none|     coordinates_0_0_2|       pointer|
|coordinates_0_0_3            |   in|   32|     ap_none|     coordinates_0_0_3|       pointer|
|coordinates_0_0_4            |   in|   32|     ap_none|     coordinates_0_0_4|       pointer|
|coordinates_0_0_5            |   in|   32|     ap_none|     coordinates_0_0_5|       pointer|
|coordinates_0_0_6            |   in|   32|     ap_none|     coordinates_0_0_6|       pointer|
|coordinates_0_0_7            |   in|   32|     ap_none|     coordinates_0_0_7|       pointer|
|coordinates_0_0_8            |   in|   32|     ap_none|     coordinates_0_0_8|       pointer|
|coordinates_0_0_9            |   in|   32|     ap_none|     coordinates_0_0_9|       pointer|
|coordinates_0_0_10           |   in|   32|     ap_none|    coordinates_0_0_10|       pointer|
|coordinates_0_0_11           |   in|   32|     ap_none|    coordinates_0_0_11|       pointer|
|coordinates_0_0_12           |   in|   32|     ap_none|    coordinates_0_0_12|       pointer|
|coordinates_0_0_13           |   in|   32|     ap_none|    coordinates_0_0_13|       pointer|
|coordinates_0_0_14           |   in|   32|     ap_none|    coordinates_0_0_14|       pointer|
|coordinates_0_0_15           |   in|   32|     ap_none|    coordinates_0_0_15|       pointer|
|coordinates_0_1_0            |   in|   32|     ap_none|     coordinates_0_1_0|       pointer|
|coordinates_0_1_1            |   in|   32|     ap_none|     coordinates_0_1_1|       pointer|
|coordinates_0_1_2            |   in|   32|     ap_none|     coordinates_0_1_2|       pointer|
|coordinates_0_1_3            |   in|   32|     ap_none|     coordinates_0_1_3|       pointer|
|coordinates_0_1_4            |   in|   32|     ap_none|     coordinates_0_1_4|       pointer|
|coordinates_0_1_5            |   in|   32|     ap_none|     coordinates_0_1_5|       pointer|
|coordinates_0_1_6            |   in|   32|     ap_none|     coordinates_0_1_6|       pointer|
|coordinates_0_1_7            |   in|   32|     ap_none|     coordinates_0_1_7|       pointer|
|coordinates_0_1_8            |   in|   32|     ap_none|     coordinates_0_1_8|       pointer|
|coordinates_0_1_9            |   in|   32|     ap_none|     coordinates_0_1_9|       pointer|
|coordinates_0_1_10           |   in|   32|     ap_none|    coordinates_0_1_10|       pointer|
|coordinates_0_1_11           |   in|   32|     ap_none|    coordinates_0_1_11|       pointer|
|coordinates_0_1_12           |   in|   32|     ap_none|    coordinates_0_1_12|       pointer|
|coordinates_0_1_13           |   in|   32|     ap_none|    coordinates_0_1_13|       pointer|
|coordinates_0_1_14           |   in|   32|     ap_none|    coordinates_0_1_14|       pointer|
|coordinates_0_1_15           |   in|   32|     ap_none|    coordinates_0_1_15|       pointer|
|coordinates_0_2_0            |   in|   32|     ap_none|     coordinates_0_2_0|       pointer|
|coordinates_0_2_1            |   in|   32|     ap_none|     coordinates_0_2_1|       pointer|
|coordinates_0_2_2            |   in|   32|     ap_none|     coordinates_0_2_2|       pointer|
|coordinates_0_2_3            |   in|   32|     ap_none|     coordinates_0_2_3|       pointer|
|coordinates_0_2_4            |   in|   32|     ap_none|     coordinates_0_2_4|       pointer|
|coordinates_0_2_5            |   in|   32|     ap_none|     coordinates_0_2_5|       pointer|
|coordinates_0_2_6            |   in|   32|     ap_none|     coordinates_0_2_6|       pointer|
|coordinates_0_2_7            |   in|   32|     ap_none|     coordinates_0_2_7|       pointer|
|coordinates_0_2_8            |   in|   32|     ap_none|     coordinates_0_2_8|       pointer|
|coordinates_0_2_9            |   in|   32|     ap_none|     coordinates_0_2_9|       pointer|
|coordinates_0_2_10           |   in|   32|     ap_none|    coordinates_0_2_10|       pointer|
|coordinates_0_2_11           |   in|   32|     ap_none|    coordinates_0_2_11|       pointer|
|coordinates_0_2_12           |   in|   32|     ap_none|    coordinates_0_2_12|       pointer|
|coordinates_0_2_13           |   in|   32|     ap_none|    coordinates_0_2_13|       pointer|
|coordinates_0_2_14           |   in|   32|     ap_none|    coordinates_0_2_14|       pointer|
|coordinates_0_2_15           |   in|   32|     ap_none|    coordinates_0_2_15|       pointer|
|coordinates_0_3_0            |   in|   32|     ap_none|     coordinates_0_3_0|       pointer|
|coordinates_0_3_1            |   in|   32|     ap_none|     coordinates_0_3_1|       pointer|
|coordinates_0_3_2            |   in|   32|     ap_none|     coordinates_0_3_2|       pointer|
|coordinates_0_3_3            |   in|   32|     ap_none|     coordinates_0_3_3|       pointer|
|coordinates_0_3_4            |   in|   32|     ap_none|     coordinates_0_3_4|       pointer|
|coordinates_0_3_5            |   in|   32|     ap_none|     coordinates_0_3_5|       pointer|
|coordinates_0_3_6            |   in|   32|     ap_none|     coordinates_0_3_6|       pointer|
|coordinates_0_3_7            |   in|   32|     ap_none|     coordinates_0_3_7|       pointer|
|coordinates_0_3_8            |   in|   32|     ap_none|     coordinates_0_3_8|       pointer|
|coordinates_0_3_9            |   in|   32|     ap_none|     coordinates_0_3_9|       pointer|
|coordinates_0_3_10           |   in|   32|     ap_none|    coordinates_0_3_10|       pointer|
|coordinates_0_3_11           |   in|   32|     ap_none|    coordinates_0_3_11|       pointer|
|coordinates_0_3_12           |   in|   32|     ap_none|    coordinates_0_3_12|       pointer|
|coordinates_0_3_13           |   in|   32|     ap_none|    coordinates_0_3_13|       pointer|
|coordinates_0_3_14           |   in|   32|     ap_none|    coordinates_0_3_14|       pointer|
|coordinates_0_3_15           |   in|   32|     ap_none|    coordinates_0_3_15|       pointer|
|coordinates_0_4_0            |   in|   32|     ap_none|     coordinates_0_4_0|       pointer|
|coordinates_0_4_1            |   in|   32|     ap_none|     coordinates_0_4_1|       pointer|
|coordinates_0_4_2            |   in|   32|     ap_none|     coordinates_0_4_2|       pointer|
|coordinates_0_4_3            |   in|   32|     ap_none|     coordinates_0_4_3|       pointer|
|coordinates_0_4_4            |   in|   32|     ap_none|     coordinates_0_4_4|       pointer|
|coordinates_0_4_5            |   in|   32|     ap_none|     coordinates_0_4_5|       pointer|
|coordinates_0_4_6            |   in|   32|     ap_none|     coordinates_0_4_6|       pointer|
|coordinates_0_4_7            |   in|   32|     ap_none|     coordinates_0_4_7|       pointer|
|coordinates_0_4_8            |   in|   32|     ap_none|     coordinates_0_4_8|       pointer|
|coordinates_0_4_9            |   in|   32|     ap_none|     coordinates_0_4_9|       pointer|
|coordinates_0_4_10           |   in|   32|     ap_none|    coordinates_0_4_10|       pointer|
|coordinates_0_4_11           |   in|   32|     ap_none|    coordinates_0_4_11|       pointer|
|coordinates_0_4_12           |   in|   32|     ap_none|    coordinates_0_4_12|       pointer|
|coordinates_0_4_13           |   in|   32|     ap_none|    coordinates_0_4_13|       pointer|
|coordinates_0_4_14           |   in|   32|     ap_none|    coordinates_0_4_14|       pointer|
|coordinates_0_4_15           |   in|   32|     ap_none|    coordinates_0_4_15|       pointer|
|coordinates_1_0_0            |   in|   32|     ap_none|     coordinates_1_0_0|       pointer|
|coordinates_1_0_1            |   in|   32|     ap_none|     coordinates_1_0_1|       pointer|
|coordinates_1_0_2            |   in|   32|     ap_none|     coordinates_1_0_2|       pointer|
|coordinates_1_0_3            |   in|   32|     ap_none|     coordinates_1_0_3|       pointer|
|coordinates_1_0_4            |   in|   32|     ap_none|     coordinates_1_0_4|       pointer|
|coordinates_1_0_5            |   in|   32|     ap_none|     coordinates_1_0_5|       pointer|
|coordinates_1_0_6            |   in|   32|     ap_none|     coordinates_1_0_6|       pointer|
|coordinates_1_0_7            |   in|   32|     ap_none|     coordinates_1_0_7|       pointer|
|coordinates_1_0_8            |   in|   32|     ap_none|     coordinates_1_0_8|       pointer|
|coordinates_1_0_9            |   in|   32|     ap_none|     coordinates_1_0_9|       pointer|
|coordinates_1_0_10           |   in|   32|     ap_none|    coordinates_1_0_10|       pointer|
|coordinates_1_0_11           |   in|   32|     ap_none|    coordinates_1_0_11|       pointer|
|coordinates_1_0_12           |   in|   32|     ap_none|    coordinates_1_0_12|       pointer|
|coordinates_1_0_13           |   in|   32|     ap_none|    coordinates_1_0_13|       pointer|
|coordinates_1_0_14           |   in|   32|     ap_none|    coordinates_1_0_14|       pointer|
|coordinates_1_0_15           |   in|   32|     ap_none|    coordinates_1_0_15|       pointer|
|coordinates_1_1_0            |   in|   32|     ap_none|     coordinates_1_1_0|       pointer|
|coordinates_1_1_1            |   in|   32|     ap_none|     coordinates_1_1_1|       pointer|
|coordinates_1_1_2            |   in|   32|     ap_none|     coordinates_1_1_2|       pointer|
|coordinates_1_1_3            |   in|   32|     ap_none|     coordinates_1_1_3|       pointer|
|coordinates_1_1_4            |   in|   32|     ap_none|     coordinates_1_1_4|       pointer|
|coordinates_1_1_5            |   in|   32|     ap_none|     coordinates_1_1_5|       pointer|
|coordinates_1_1_6            |   in|   32|     ap_none|     coordinates_1_1_6|       pointer|
|coordinates_1_1_7            |   in|   32|     ap_none|     coordinates_1_1_7|       pointer|
|coordinates_1_1_8            |   in|   32|     ap_none|     coordinates_1_1_8|       pointer|
|coordinates_1_1_9            |   in|   32|     ap_none|     coordinates_1_1_9|       pointer|
|coordinates_1_1_10           |   in|   32|     ap_none|    coordinates_1_1_10|       pointer|
|coordinates_1_1_11           |   in|   32|     ap_none|    coordinates_1_1_11|       pointer|
|coordinates_1_1_12           |   in|   32|     ap_none|    coordinates_1_1_12|       pointer|
|coordinates_1_1_13           |   in|   32|     ap_none|    coordinates_1_1_13|       pointer|
|coordinates_1_1_14           |   in|   32|     ap_none|    coordinates_1_1_14|       pointer|
|coordinates_1_1_15           |   in|   32|     ap_none|    coordinates_1_1_15|       pointer|
|coordinates_1_2_0            |   in|   32|     ap_none|     coordinates_1_2_0|       pointer|
|coordinates_1_2_1            |   in|   32|     ap_none|     coordinates_1_2_1|       pointer|
|coordinates_1_2_2            |   in|   32|     ap_none|     coordinates_1_2_2|       pointer|
|coordinates_1_2_3            |   in|   32|     ap_none|     coordinates_1_2_3|       pointer|
|coordinates_1_2_4            |   in|   32|     ap_none|     coordinates_1_2_4|       pointer|
|coordinates_1_2_5            |   in|   32|     ap_none|     coordinates_1_2_5|       pointer|
|coordinates_1_2_6            |   in|   32|     ap_none|     coordinates_1_2_6|       pointer|
|coordinates_1_2_7            |   in|   32|     ap_none|     coordinates_1_2_7|       pointer|
|coordinates_1_2_8            |   in|   32|     ap_none|     coordinates_1_2_8|       pointer|
|coordinates_1_2_9            |   in|   32|     ap_none|     coordinates_1_2_9|       pointer|
|coordinates_1_2_10           |   in|   32|     ap_none|    coordinates_1_2_10|       pointer|
|coordinates_1_2_11           |   in|   32|     ap_none|    coordinates_1_2_11|       pointer|
|coordinates_1_2_12           |   in|   32|     ap_none|    coordinates_1_2_12|       pointer|
|coordinates_1_2_13           |   in|   32|     ap_none|    coordinates_1_2_13|       pointer|
|coordinates_1_2_14           |   in|   32|     ap_none|    coordinates_1_2_14|       pointer|
|coordinates_1_2_15           |   in|   32|     ap_none|    coordinates_1_2_15|       pointer|
|coordinates_1_3_0            |   in|   32|     ap_none|     coordinates_1_3_0|       pointer|
|coordinates_1_3_1            |   in|   32|     ap_none|     coordinates_1_3_1|       pointer|
|coordinates_1_3_2            |   in|   32|     ap_none|     coordinates_1_3_2|       pointer|
|coordinates_1_3_3            |   in|   32|     ap_none|     coordinates_1_3_3|       pointer|
|coordinates_1_3_4            |   in|   32|     ap_none|     coordinates_1_3_4|       pointer|
|coordinates_1_3_5            |   in|   32|     ap_none|     coordinates_1_3_5|       pointer|
|coordinates_1_3_6            |   in|   32|     ap_none|     coordinates_1_3_6|       pointer|
|coordinates_1_3_7            |   in|   32|     ap_none|     coordinates_1_3_7|       pointer|
|coordinates_1_3_8            |   in|   32|     ap_none|     coordinates_1_3_8|       pointer|
|coordinates_1_3_9            |   in|   32|     ap_none|     coordinates_1_3_9|       pointer|
|coordinates_1_3_10           |   in|   32|     ap_none|    coordinates_1_3_10|       pointer|
|coordinates_1_3_11           |   in|   32|     ap_none|    coordinates_1_3_11|       pointer|
|coordinates_1_3_12           |   in|   32|     ap_none|    coordinates_1_3_12|       pointer|
|coordinates_1_3_13           |   in|   32|     ap_none|    coordinates_1_3_13|       pointer|
|coordinates_1_3_14           |   in|   32|     ap_none|    coordinates_1_3_14|       pointer|
|coordinates_1_3_15           |   in|   32|     ap_none|    coordinates_1_3_15|       pointer|
|coordinates_1_4_0            |   in|   32|     ap_none|     coordinates_1_4_0|       pointer|
|coordinates_1_4_1            |   in|   32|     ap_none|     coordinates_1_4_1|       pointer|
|coordinates_1_4_2            |   in|   32|     ap_none|     coordinates_1_4_2|       pointer|
|coordinates_1_4_3            |   in|   32|     ap_none|     coordinates_1_4_3|       pointer|
|coordinates_1_4_4            |   in|   32|     ap_none|     coordinates_1_4_4|       pointer|
|coordinates_1_4_5            |   in|   32|     ap_none|     coordinates_1_4_5|       pointer|
|coordinates_1_4_6            |   in|   32|     ap_none|     coordinates_1_4_6|       pointer|
|coordinates_1_4_7            |   in|   32|     ap_none|     coordinates_1_4_7|       pointer|
|coordinates_1_4_8            |   in|   32|     ap_none|     coordinates_1_4_8|       pointer|
|coordinates_1_4_9            |   in|   32|     ap_none|     coordinates_1_4_9|       pointer|
|coordinates_1_4_10           |   in|   32|     ap_none|    coordinates_1_4_10|       pointer|
|coordinates_1_4_11           |   in|   32|     ap_none|    coordinates_1_4_11|       pointer|
|coordinates_1_4_12           |   in|   32|     ap_none|    coordinates_1_4_12|       pointer|
|coordinates_1_4_13           |   in|   32|     ap_none|    coordinates_1_4_13|       pointer|
|coordinates_1_4_14           |   in|   32|     ap_none|    coordinates_1_4_14|       pointer|
|coordinates_1_4_15           |   in|   32|     ap_none|    coordinates_1_4_15|       pointer|
|coordinates_2_0_0            |   in|   32|     ap_none|     coordinates_2_0_0|       pointer|
|coordinates_2_0_1            |   in|   32|     ap_none|     coordinates_2_0_1|       pointer|
|coordinates_2_0_2            |   in|   32|     ap_none|     coordinates_2_0_2|       pointer|
|coordinates_2_0_3            |   in|   32|     ap_none|     coordinates_2_0_3|       pointer|
|coordinates_2_0_4            |   in|   32|     ap_none|     coordinates_2_0_4|       pointer|
|coordinates_2_0_5            |   in|   32|     ap_none|     coordinates_2_0_5|       pointer|
|coordinates_2_0_6            |   in|   32|     ap_none|     coordinates_2_0_6|       pointer|
|coordinates_2_0_7            |   in|   32|     ap_none|     coordinates_2_0_7|       pointer|
|coordinates_2_0_8            |   in|   32|     ap_none|     coordinates_2_0_8|       pointer|
|coordinates_2_0_9            |   in|   32|     ap_none|     coordinates_2_0_9|       pointer|
|coordinates_2_0_10           |   in|   32|     ap_none|    coordinates_2_0_10|       pointer|
|coordinates_2_0_11           |   in|   32|     ap_none|    coordinates_2_0_11|       pointer|
|coordinates_2_0_12           |   in|   32|     ap_none|    coordinates_2_0_12|       pointer|
|coordinates_2_0_13           |   in|   32|     ap_none|    coordinates_2_0_13|       pointer|
|coordinates_2_0_14           |   in|   32|     ap_none|    coordinates_2_0_14|       pointer|
|coordinates_2_0_15           |   in|   32|     ap_none|    coordinates_2_0_15|       pointer|
|coordinates_2_1_0            |   in|   32|     ap_none|     coordinates_2_1_0|       pointer|
|coordinates_2_1_1            |   in|   32|     ap_none|     coordinates_2_1_1|       pointer|
|coordinates_2_1_2            |   in|   32|     ap_none|     coordinates_2_1_2|       pointer|
|coordinates_2_1_3            |   in|   32|     ap_none|     coordinates_2_1_3|       pointer|
|coordinates_2_1_4            |   in|   32|     ap_none|     coordinates_2_1_4|       pointer|
|coordinates_2_1_5            |   in|   32|     ap_none|     coordinates_2_1_5|       pointer|
|coordinates_2_1_6            |   in|   32|     ap_none|     coordinates_2_1_6|       pointer|
|coordinates_2_1_7            |   in|   32|     ap_none|     coordinates_2_1_7|       pointer|
|coordinates_2_1_8            |   in|   32|     ap_none|     coordinates_2_1_8|       pointer|
|coordinates_2_1_9            |   in|   32|     ap_none|     coordinates_2_1_9|       pointer|
|coordinates_2_1_10           |   in|   32|     ap_none|    coordinates_2_1_10|       pointer|
|coordinates_2_1_11           |   in|   32|     ap_none|    coordinates_2_1_11|       pointer|
|coordinates_2_1_12           |   in|   32|     ap_none|    coordinates_2_1_12|       pointer|
|coordinates_2_1_13           |   in|   32|     ap_none|    coordinates_2_1_13|       pointer|
|coordinates_2_1_14           |   in|   32|     ap_none|    coordinates_2_1_14|       pointer|
|coordinates_2_1_15           |   in|   32|     ap_none|    coordinates_2_1_15|       pointer|
|coordinates_2_2_0            |   in|   32|     ap_none|     coordinates_2_2_0|       pointer|
|coordinates_2_2_1            |   in|   32|     ap_none|     coordinates_2_2_1|       pointer|
|coordinates_2_2_2            |   in|   32|     ap_none|     coordinates_2_2_2|       pointer|
|coordinates_2_2_3            |   in|   32|     ap_none|     coordinates_2_2_3|       pointer|
|coordinates_2_2_4            |   in|   32|     ap_none|     coordinates_2_2_4|       pointer|
|coordinates_2_2_5            |   in|   32|     ap_none|     coordinates_2_2_5|       pointer|
|coordinates_2_2_6            |   in|   32|     ap_none|     coordinates_2_2_6|       pointer|
|coordinates_2_2_7            |   in|   32|     ap_none|     coordinates_2_2_7|       pointer|
|coordinates_2_2_8            |   in|   32|     ap_none|     coordinates_2_2_8|       pointer|
|coordinates_2_2_9            |   in|   32|     ap_none|     coordinates_2_2_9|       pointer|
|coordinates_2_2_10           |   in|   32|     ap_none|    coordinates_2_2_10|       pointer|
|coordinates_2_2_11           |   in|   32|     ap_none|    coordinates_2_2_11|       pointer|
|coordinates_2_2_12           |   in|   32|     ap_none|    coordinates_2_2_12|       pointer|
|coordinates_2_2_13           |   in|   32|     ap_none|    coordinates_2_2_13|       pointer|
|coordinates_2_2_14           |   in|   32|     ap_none|    coordinates_2_2_14|       pointer|
|coordinates_2_2_15           |   in|   32|     ap_none|    coordinates_2_2_15|       pointer|
|coordinates_2_3_0            |   in|   32|     ap_none|     coordinates_2_3_0|       pointer|
|coordinates_2_3_1            |   in|   32|     ap_none|     coordinates_2_3_1|       pointer|
|coordinates_2_3_2            |   in|   32|     ap_none|     coordinates_2_3_2|       pointer|
|coordinates_2_3_3            |   in|   32|     ap_none|     coordinates_2_3_3|       pointer|
|coordinates_2_3_4            |   in|   32|     ap_none|     coordinates_2_3_4|       pointer|
|coordinates_2_3_5            |   in|   32|     ap_none|     coordinates_2_3_5|       pointer|
|coordinates_2_3_6            |   in|   32|     ap_none|     coordinates_2_3_6|       pointer|
|coordinates_2_3_7            |   in|   32|     ap_none|     coordinates_2_3_7|       pointer|
|coordinates_2_3_8            |   in|   32|     ap_none|     coordinates_2_3_8|       pointer|
|coordinates_2_3_9            |   in|   32|     ap_none|     coordinates_2_3_9|       pointer|
|coordinates_2_3_10           |   in|   32|     ap_none|    coordinates_2_3_10|       pointer|
|coordinates_2_3_11           |   in|   32|     ap_none|    coordinates_2_3_11|       pointer|
|coordinates_2_3_12           |   in|   32|     ap_none|    coordinates_2_3_12|       pointer|
|coordinates_2_3_13           |   in|   32|     ap_none|    coordinates_2_3_13|       pointer|
|coordinates_2_3_14           |   in|   32|     ap_none|    coordinates_2_3_14|       pointer|
|coordinates_2_3_15           |   in|   32|     ap_none|    coordinates_2_3_15|       pointer|
|coordinates_2_4_0            |   in|   32|     ap_none|     coordinates_2_4_0|       pointer|
|coordinates_2_4_1            |   in|   32|     ap_none|     coordinates_2_4_1|       pointer|
|coordinates_2_4_2            |   in|   32|     ap_none|     coordinates_2_4_2|       pointer|
|coordinates_2_4_3            |   in|   32|     ap_none|     coordinates_2_4_3|       pointer|
|coordinates_2_4_4            |   in|   32|     ap_none|     coordinates_2_4_4|       pointer|
|coordinates_2_4_5            |   in|   32|     ap_none|     coordinates_2_4_5|       pointer|
|coordinates_2_4_6            |   in|   32|     ap_none|     coordinates_2_4_6|       pointer|
|coordinates_2_4_7            |   in|   32|     ap_none|     coordinates_2_4_7|       pointer|
|coordinates_2_4_8            |   in|   32|     ap_none|     coordinates_2_4_8|       pointer|
|coordinates_2_4_9            |   in|   32|     ap_none|     coordinates_2_4_9|       pointer|
|coordinates_2_4_10           |   in|   32|     ap_none|    coordinates_2_4_10|       pointer|
|coordinates_2_4_11           |   in|   32|     ap_none|    coordinates_2_4_11|       pointer|
|coordinates_2_4_12           |   in|   32|     ap_none|    coordinates_2_4_12|       pointer|
|coordinates_2_4_13           |   in|   32|     ap_none|    coordinates_2_4_13|       pointer|
|coordinates_2_4_14           |   in|   32|     ap_none|    coordinates_2_4_14|       pointer|
|coordinates_2_4_15           |   in|   32|     ap_none|    coordinates_2_4_15|       pointer|
|coordinates_3_0_0            |   in|   32|     ap_none|     coordinates_3_0_0|       pointer|
|coordinates_3_0_1            |   in|   32|     ap_none|     coordinates_3_0_1|       pointer|
|coordinates_3_0_2            |   in|   32|     ap_none|     coordinates_3_0_2|       pointer|
|coordinates_3_0_3            |   in|   32|     ap_none|     coordinates_3_0_3|       pointer|
|coordinates_3_0_4            |   in|   32|     ap_none|     coordinates_3_0_4|       pointer|
|coordinates_3_0_5            |   in|   32|     ap_none|     coordinates_3_0_5|       pointer|
|coordinates_3_0_6            |   in|   32|     ap_none|     coordinates_3_0_6|       pointer|
|coordinates_3_0_7            |   in|   32|     ap_none|     coordinates_3_0_7|       pointer|
|coordinates_3_0_8            |   in|   32|     ap_none|     coordinates_3_0_8|       pointer|
|coordinates_3_0_9            |   in|   32|     ap_none|     coordinates_3_0_9|       pointer|
|coordinates_3_0_10           |   in|   32|     ap_none|    coordinates_3_0_10|       pointer|
|coordinates_3_0_11           |   in|   32|     ap_none|    coordinates_3_0_11|       pointer|
|coordinates_3_0_12           |   in|   32|     ap_none|    coordinates_3_0_12|       pointer|
|coordinates_3_0_13           |   in|   32|     ap_none|    coordinates_3_0_13|       pointer|
|coordinates_3_0_14           |   in|   32|     ap_none|    coordinates_3_0_14|       pointer|
|coordinates_3_0_15           |   in|   32|     ap_none|    coordinates_3_0_15|       pointer|
|coordinates_3_1_0            |   in|   32|     ap_none|     coordinates_3_1_0|       pointer|
|coordinates_3_1_1            |   in|   32|     ap_none|     coordinates_3_1_1|       pointer|
|coordinates_3_1_2            |   in|   32|     ap_none|     coordinates_3_1_2|       pointer|
|coordinates_3_1_3            |   in|   32|     ap_none|     coordinates_3_1_3|       pointer|
|coordinates_3_1_4            |   in|   32|     ap_none|     coordinates_3_1_4|       pointer|
|coordinates_3_1_5            |   in|   32|     ap_none|     coordinates_3_1_5|       pointer|
|coordinates_3_1_6            |   in|   32|     ap_none|     coordinates_3_1_6|       pointer|
|coordinates_3_1_7            |   in|   32|     ap_none|     coordinates_3_1_7|       pointer|
|coordinates_3_1_8            |   in|   32|     ap_none|     coordinates_3_1_8|       pointer|
|coordinates_3_1_9            |   in|   32|     ap_none|     coordinates_3_1_9|       pointer|
|coordinates_3_1_10           |   in|   32|     ap_none|    coordinates_3_1_10|       pointer|
|coordinates_3_1_11           |   in|   32|     ap_none|    coordinates_3_1_11|       pointer|
|coordinates_3_1_12           |   in|   32|     ap_none|    coordinates_3_1_12|       pointer|
|coordinates_3_1_13           |   in|   32|     ap_none|    coordinates_3_1_13|       pointer|
|coordinates_3_1_14           |   in|   32|     ap_none|    coordinates_3_1_14|       pointer|
|coordinates_3_1_15           |   in|   32|     ap_none|    coordinates_3_1_15|       pointer|
|coordinates_3_2_0            |   in|   32|     ap_none|     coordinates_3_2_0|       pointer|
|coordinates_3_2_1            |   in|   32|     ap_none|     coordinates_3_2_1|       pointer|
|coordinates_3_2_2            |   in|   32|     ap_none|     coordinates_3_2_2|       pointer|
|coordinates_3_2_3            |   in|   32|     ap_none|     coordinates_3_2_3|       pointer|
|coordinates_3_2_4            |   in|   32|     ap_none|     coordinates_3_2_4|       pointer|
|coordinates_3_2_5            |   in|   32|     ap_none|     coordinates_3_2_5|       pointer|
|coordinates_3_2_6            |   in|   32|     ap_none|     coordinates_3_2_6|       pointer|
|coordinates_3_2_7            |   in|   32|     ap_none|     coordinates_3_2_7|       pointer|
|coordinates_3_2_8            |   in|   32|     ap_none|     coordinates_3_2_8|       pointer|
|coordinates_3_2_9            |   in|   32|     ap_none|     coordinates_3_2_9|       pointer|
|coordinates_3_2_10           |   in|   32|     ap_none|    coordinates_3_2_10|       pointer|
|coordinates_3_2_11           |   in|   32|     ap_none|    coordinates_3_2_11|       pointer|
|coordinates_3_2_12           |   in|   32|     ap_none|    coordinates_3_2_12|       pointer|
|coordinates_3_2_13           |   in|   32|     ap_none|    coordinates_3_2_13|       pointer|
|coordinates_3_2_14           |   in|   32|     ap_none|    coordinates_3_2_14|       pointer|
|coordinates_3_2_15           |   in|   32|     ap_none|    coordinates_3_2_15|       pointer|
|coordinates_3_3_0            |   in|   32|     ap_none|     coordinates_3_3_0|       pointer|
|coordinates_3_3_1            |   in|   32|     ap_none|     coordinates_3_3_1|       pointer|
|coordinates_3_3_2            |   in|   32|     ap_none|     coordinates_3_3_2|       pointer|
|coordinates_3_3_3            |   in|   32|     ap_none|     coordinates_3_3_3|       pointer|
|coordinates_3_3_4            |   in|   32|     ap_none|     coordinates_3_3_4|       pointer|
|coordinates_3_3_5            |   in|   32|     ap_none|     coordinates_3_3_5|       pointer|
|coordinates_3_3_6            |   in|   32|     ap_none|     coordinates_3_3_6|       pointer|
|coordinates_3_3_7            |   in|   32|     ap_none|     coordinates_3_3_7|       pointer|
|coordinates_3_3_8            |   in|   32|     ap_none|     coordinates_3_3_8|       pointer|
|coordinates_3_3_9            |   in|   32|     ap_none|     coordinates_3_3_9|       pointer|
|coordinates_3_3_10           |   in|   32|     ap_none|    coordinates_3_3_10|       pointer|
|coordinates_3_3_11           |   in|   32|     ap_none|    coordinates_3_3_11|       pointer|
|coordinates_3_3_12           |   in|   32|     ap_none|    coordinates_3_3_12|       pointer|
|coordinates_3_3_13           |   in|   32|     ap_none|    coordinates_3_3_13|       pointer|
|coordinates_3_3_14           |   in|   32|     ap_none|    coordinates_3_3_14|       pointer|
|coordinates_3_3_15           |   in|   32|     ap_none|    coordinates_3_3_15|       pointer|
|coordinates_3_4_0            |   in|   32|     ap_none|     coordinates_3_4_0|       pointer|
|coordinates_3_4_1            |   in|   32|     ap_none|     coordinates_3_4_1|       pointer|
|coordinates_3_4_2            |   in|   32|     ap_none|     coordinates_3_4_2|       pointer|
|coordinates_3_4_3            |   in|   32|     ap_none|     coordinates_3_4_3|       pointer|
|coordinates_3_4_4            |   in|   32|     ap_none|     coordinates_3_4_4|       pointer|
|coordinates_3_4_5            |   in|   32|     ap_none|     coordinates_3_4_5|       pointer|
|coordinates_3_4_6            |   in|   32|     ap_none|     coordinates_3_4_6|       pointer|
|coordinates_3_4_7            |   in|   32|     ap_none|     coordinates_3_4_7|       pointer|
|coordinates_3_4_8            |   in|   32|     ap_none|     coordinates_3_4_8|       pointer|
|coordinates_3_4_9            |   in|   32|     ap_none|     coordinates_3_4_9|       pointer|
|coordinates_3_4_10           |   in|   32|     ap_none|    coordinates_3_4_10|       pointer|
|coordinates_3_4_11           |   in|   32|     ap_none|    coordinates_3_4_11|       pointer|
|coordinates_3_4_12           |   in|   32|     ap_none|    coordinates_3_4_12|       pointer|
|coordinates_3_4_13           |   in|   32|     ap_none|    coordinates_3_4_13|       pointer|
|coordinates_3_4_14           |   in|   32|     ap_none|    coordinates_3_4_14|       pointer|
|coordinates_3_4_15           |   in|   32|     ap_none|    coordinates_3_4_15|       pointer|
|coordinates_4_0_0            |   in|   32|     ap_none|     coordinates_4_0_0|       pointer|
|coordinates_4_0_1            |   in|   32|     ap_none|     coordinates_4_0_1|       pointer|
|coordinates_4_0_2            |   in|   32|     ap_none|     coordinates_4_0_2|       pointer|
|coordinates_4_0_3            |   in|   32|     ap_none|     coordinates_4_0_3|       pointer|
|coordinates_4_0_4            |   in|   32|     ap_none|     coordinates_4_0_4|       pointer|
|coordinates_4_0_5            |   in|   32|     ap_none|     coordinates_4_0_5|       pointer|
|coordinates_4_0_6            |   in|   32|     ap_none|     coordinates_4_0_6|       pointer|
|coordinates_4_0_7            |   in|   32|     ap_none|     coordinates_4_0_7|       pointer|
|coordinates_4_0_8            |   in|   32|     ap_none|     coordinates_4_0_8|       pointer|
|coordinates_4_0_9            |   in|   32|     ap_none|     coordinates_4_0_9|       pointer|
|coordinates_4_0_10           |   in|   32|     ap_none|    coordinates_4_0_10|       pointer|
|coordinates_4_0_11           |   in|   32|     ap_none|    coordinates_4_0_11|       pointer|
|coordinates_4_0_12           |   in|   32|     ap_none|    coordinates_4_0_12|       pointer|
|coordinates_4_0_13           |   in|   32|     ap_none|    coordinates_4_0_13|       pointer|
|coordinates_4_0_14           |   in|   32|     ap_none|    coordinates_4_0_14|       pointer|
|coordinates_4_0_15           |   in|   32|     ap_none|    coordinates_4_0_15|       pointer|
|coordinates_4_1_0            |   in|   32|     ap_none|     coordinates_4_1_0|       pointer|
|coordinates_4_1_1            |   in|   32|     ap_none|     coordinates_4_1_1|       pointer|
|coordinates_4_1_2            |   in|   32|     ap_none|     coordinates_4_1_2|       pointer|
|coordinates_4_1_3            |   in|   32|     ap_none|     coordinates_4_1_3|       pointer|
|coordinates_4_1_4            |   in|   32|     ap_none|     coordinates_4_1_4|       pointer|
|coordinates_4_1_5            |   in|   32|     ap_none|     coordinates_4_1_5|       pointer|
|coordinates_4_1_6            |   in|   32|     ap_none|     coordinates_4_1_6|       pointer|
|coordinates_4_1_7            |   in|   32|     ap_none|     coordinates_4_1_7|       pointer|
|coordinates_4_1_8            |   in|   32|     ap_none|     coordinates_4_1_8|       pointer|
|coordinates_4_1_9            |   in|   32|     ap_none|     coordinates_4_1_9|       pointer|
|coordinates_4_1_10           |   in|   32|     ap_none|    coordinates_4_1_10|       pointer|
|coordinates_4_1_11           |   in|   32|     ap_none|    coordinates_4_1_11|       pointer|
|coordinates_4_1_12           |   in|   32|     ap_none|    coordinates_4_1_12|       pointer|
|coordinates_4_1_13           |   in|   32|     ap_none|    coordinates_4_1_13|       pointer|
|coordinates_4_1_14           |   in|   32|     ap_none|    coordinates_4_1_14|       pointer|
|coordinates_4_1_15           |   in|   32|     ap_none|    coordinates_4_1_15|       pointer|
|coordinates_4_2_0            |   in|   32|     ap_none|     coordinates_4_2_0|       pointer|
|coordinates_4_2_1            |   in|   32|     ap_none|     coordinates_4_2_1|       pointer|
|coordinates_4_2_2            |   in|   32|     ap_none|     coordinates_4_2_2|       pointer|
|coordinates_4_2_3            |   in|   32|     ap_none|     coordinates_4_2_3|       pointer|
|coordinates_4_2_4            |   in|   32|     ap_none|     coordinates_4_2_4|       pointer|
|coordinates_4_2_5            |   in|   32|     ap_none|     coordinates_4_2_5|       pointer|
|coordinates_4_2_6            |   in|   32|     ap_none|     coordinates_4_2_6|       pointer|
|coordinates_4_2_7            |   in|   32|     ap_none|     coordinates_4_2_7|       pointer|
|coordinates_4_2_8            |   in|   32|     ap_none|     coordinates_4_2_8|       pointer|
|coordinates_4_2_9            |   in|   32|     ap_none|     coordinates_4_2_9|       pointer|
|coordinates_4_2_10           |   in|   32|     ap_none|    coordinates_4_2_10|       pointer|
|coordinates_4_2_11           |   in|   32|     ap_none|    coordinates_4_2_11|       pointer|
|coordinates_4_2_12           |   in|   32|     ap_none|    coordinates_4_2_12|       pointer|
|coordinates_4_2_13           |   in|   32|     ap_none|    coordinates_4_2_13|       pointer|
|coordinates_4_2_14           |   in|   32|     ap_none|    coordinates_4_2_14|       pointer|
|coordinates_4_2_15           |   in|   32|     ap_none|    coordinates_4_2_15|       pointer|
|coordinates_4_3_0            |   in|   32|     ap_none|     coordinates_4_3_0|       pointer|
|coordinates_4_3_1            |   in|   32|     ap_none|     coordinates_4_3_1|       pointer|
|coordinates_4_3_2            |   in|   32|     ap_none|     coordinates_4_3_2|       pointer|
|coordinates_4_3_3            |   in|   32|     ap_none|     coordinates_4_3_3|       pointer|
|coordinates_4_3_4            |   in|   32|     ap_none|     coordinates_4_3_4|       pointer|
|coordinates_4_3_5            |   in|   32|     ap_none|     coordinates_4_3_5|       pointer|
|coordinates_4_3_6            |   in|   32|     ap_none|     coordinates_4_3_6|       pointer|
|coordinates_4_3_7            |   in|   32|     ap_none|     coordinates_4_3_7|       pointer|
|coordinates_4_3_8            |   in|   32|     ap_none|     coordinates_4_3_8|       pointer|
|coordinates_4_3_9            |   in|   32|     ap_none|     coordinates_4_3_9|       pointer|
|coordinates_4_3_10           |   in|   32|     ap_none|    coordinates_4_3_10|       pointer|
|coordinates_4_3_11           |   in|   32|     ap_none|    coordinates_4_3_11|       pointer|
|coordinates_4_3_12           |   in|   32|     ap_none|    coordinates_4_3_12|       pointer|
|coordinates_4_3_13           |   in|   32|     ap_none|    coordinates_4_3_13|       pointer|
|coordinates_4_3_14           |   in|   32|     ap_none|    coordinates_4_3_14|       pointer|
|coordinates_4_3_15           |   in|   32|     ap_none|    coordinates_4_3_15|       pointer|
|coordinates_4_4_0            |   in|   32|     ap_none|     coordinates_4_4_0|       pointer|
|coordinates_4_4_1            |   in|   32|     ap_none|     coordinates_4_4_1|       pointer|
|coordinates_4_4_2            |   in|   32|     ap_none|     coordinates_4_4_2|       pointer|
|coordinates_4_4_3            |   in|   32|     ap_none|     coordinates_4_4_3|       pointer|
|coordinates_4_4_4            |   in|   32|     ap_none|     coordinates_4_4_4|       pointer|
|coordinates_4_4_5            |   in|   32|     ap_none|     coordinates_4_4_5|       pointer|
|coordinates_4_4_6            |   in|   32|     ap_none|     coordinates_4_4_6|       pointer|
|coordinates_4_4_7            |   in|   32|     ap_none|     coordinates_4_4_7|       pointer|
|coordinates_4_4_8            |   in|   32|     ap_none|     coordinates_4_4_8|       pointer|
|coordinates_4_4_9            |   in|   32|     ap_none|     coordinates_4_4_9|       pointer|
|coordinates_4_4_10           |   in|   32|     ap_none|    coordinates_4_4_10|       pointer|
|coordinates_4_4_11           |   in|   32|     ap_none|    coordinates_4_4_11|       pointer|
|coordinates_4_4_12           |   in|   32|     ap_none|    coordinates_4_4_12|       pointer|
|coordinates_4_4_13           |   in|   32|     ap_none|    coordinates_4_4_13|       pointer|
|coordinates_4_4_14           |   in|   32|     ap_none|    coordinates_4_4_14|       pointer|
|coordinates_4_4_15           |   in|   32|     ap_none|    coordinates_4_4_15|       pointer|
|fullSystemReturnCode         |  out|    1|      ap_vld|  fullSystemReturnCode|       pointer|
|fullSystemReturnCode_ap_vld  |  out|    1|      ap_vld|  fullSystemReturnCode|       pointer|
|ap_clk                       |   in|    1|  ap_ctrl_hs|            fullSystem|  return value|
|ap_rst                       |   in|    1|  ap_ctrl_hs|            fullSystem|  return value|
|ap_start                     |   in|    1|  ap_ctrl_hs|            fullSystem|  return value|
|ap_done                      |  out|    1|  ap_ctrl_hs|            fullSystem|  return value|
|ap_ready                     |  out|    1|  ap_ctrl_hs|            fullSystem|  return value|
|ap_idle                      |  out|    1|  ap_ctrl_hs|            fullSystem|  return value|
+-----------------------------+-----+-----+------------+----------------------+--------------+

