

================================================================
== Vitis HLS Report for 'get_index_from_z'
================================================================
* Date:           Tue Jul  9 11:01:05 2024

* Version:        2020.2 (Build 3064766 on Wed Nov 18 09:12:45 MST 2020)
* Project:        PartitionAcceleratorHLS
* Solution:       solution1 (Vivado IP Flow Target)
* Product family: virtexuplus
* Target device:  xcvu11p-flga2577-1-e


================================================================
== Performance Estimates
================================================================
+ Timing: 
    * Summary: 
    +--------+----------+-----------+------------+
    |  Clock |  Target  | Estimated | Uncertainty|
    +--------+----------+-----------+------------+
    |ap_clk  |  10.00 ns|  12.120 ns|     2.70 ns|
    +--------+----------+-----------+------------+

+ Latency: 
    * Summary: 
    +---------+---------+----------+----------+-----+-----+---------+
    |  Latency (cycles) |  Latency (absolute) |  Interval | Pipeline|
    |   min   |   max   |    min   |    max   | min | max |   Type  |
    +---------+---------+----------+----------+-----+-----+---------+
    |        ?|        ?|         ?|         ?|    ?|    ?|     none|
    +---------+---------+----------+----------+-----+-----+---------+

    + Detail: 
        * Instance: 
        N/A

        * Loop: 
        +----------------------------------------------------+---------+---------+----------+-----------+-----------+------+----------+
        |                                                    |  Latency (cycles) | Iteration|  Initiation Interval  | Trip |          |
        |                      Loop Name                     |   min   |   max   |  Latency |  achieved |   target  | Count| Pipelined|
        +----------------------------------------------------+---------+---------+----------+-----------+-----------+------+----------+
        |- loop_find_minimum_z_values_from_layer_with_index  |        ?|        ?|         9|          2|          1|     ?|       yes|
        +----------------------------------------------------+---------+---------+----------+-----------+-----------+------+----------+



================================================================
== Utilization Estimates
================================================================
* Summary: 
+---------------------+---------+------+---------+---------+-----+
|         Name        | BRAM_18K|  DSP |    FF   |   LUT   | URAM|
+---------------------+---------+------+---------+---------+-----+
|DSP                  |        -|     -|        -|        -|    -|
|Expression           |        -|     -|        0|     4417|    -|
|FIFO                 |        -|     -|        -|        -|    -|
|Instance             |        -|     2|      177|      229|    -|
|Memory               |        -|     -|        -|        -|    -|
|Multiplexer          |        -|     -|        -|       99|    -|
|Register             |        -|     -|      830|       64|    -|
+---------------------+---------+------+---------+---------+-----+
|Total                |        0|     2|     1007|     4809|    0|
+---------------------+---------+------+---------+---------+-----+
|Available SLR        |     1344|  3072|   864000|   432000|  320|
+---------------------+---------+------+---------+---------+-----+
|Utilization SLR (%)  |        0|    ~0|       ~0|        1|    0|
+---------------------+---------+------+---------+---------+-----+
|Available            |     4032|  9216|  2592000|  1296000|  960|
+---------------------+---------+------+---------+---------+-----+
|Utilization (%)      |        0|    ~0|       ~0|       ~0|    0|
+---------------------+---------+------+---------+---------+-----+

+ Detail: 
    * Instance: 
    +-------------------------------------+--------------------------------+---------+----+-----+-----+-----+
    |               Instance              |             Module             | BRAM_18K| DSP|  FF | LUT | URAM|
    +-------------------------------------+--------------------------------+---------+----+-----+-----+-----+
    |fcmp_32ns_32ns_1_2_no_dsp_1_U108     |fcmp_32ns_32ns_1_2_no_dsp_1     |        0|   0|    0|    0|    0|
    |fpext_32ns_64_1_no_dsp_1_U107        |fpext_32ns_64_1_no_dsp_1        |        0|   0|    0|    0|    0|
    |fsub_32ns_32ns_32_3_full_dsp_1_U106  |fsub_32ns_32ns_32_3_full_dsp_1  |        0|   2|  177|  229|    0|
    +-------------------------------------+--------------------------------+---------+----+-----+-----+-----+
    |Total                                |                                |        0|   2|  177|  229|    0|
    +-------------------------------------+--------------------------------+---------+----+-----+-----+-----+

    * DSP: 
    N/A

    * Memory: 
    N/A

    * FIFO: 
    N/A

    * Expression: 
    +---------------------------+----------+----+---+-----+------------+------------+
    |       Variable Name       | Operation| DSP| FF| LUT | Bitwidth P0| Bitwidth P1|
    +---------------------------+----------+----+---+-----+------------+------------+
    |add_ln563_fu_455_p2        |         +|   0|  0|   39|          32|           1|
    |add_ln564_fu_282_p2        |         +|   0|  0|   23|          16|          16|
    |add_ln581_fu_1346_p2       |         +|   0|  0|   19|          12|           6|
    |add_ln958_1_fu_775_p2      |         +|   0|  0|   39|          32|           6|
    |add_ln958_2_fu_1070_p2     |         +|   0|  0|   39|          32|           6|
    |add_ln958_fu_655_p2        |         +|   0|  0|   39|          32|           6|
    |add_ln964_1_fu_840_p2      |         +|   0|  0|   19|           8|           8|
    |add_ln964_2_fu_1211_p2     |         +|   0|  0|   19|           8|           8|
    |add_ln964_fu_721_p2        |         +|   0|  0|   19|           8|           8|
    |lsb_index_1_fu_337_p2      |         +|   0|  0|   39|          32|           6|
    |lsb_index_2_fu_942_p2      |         +|   0|  0|   39|          32|           6|
    |lsb_index_fu_517_p2        |         +|   0|  0|   39|          32|           6|
    |m_11_fu_799_p2             |         +|   0|  0|   71|          64|          64|
    |m_15_fu_1106_p2            |         +|   0|  0|   71|          64|          64|
    |m_6_fu_680_p2              |         +|   0|  0|   71|          64|          64|
    |F2_fu_1291_p2              |         -|   0|  0|   19|          11|          12|
    |man_V_1_fu_1328_p2         |         -|   0|  0|   61|           1|          54|
    |sub_i_i15_fu_240_p2        |         -|   0|  0|   39|           1|          32|
    |sub_ln581_fu_1351_p2       |         -|   0|  0|   19|           5|          12|
    |sub_ln944_1_fu_331_p2      |         -|   0|  0|   39|           6|          32|
    |sub_ln944_2_fu_936_p2      |         -|   0|  0|   39|           6|          32|
    |sub_ln944_fu_511_p2        |         -|   0|  0|   39|           6|          32|
    |sub_ln947_1_fu_363_p2      |         -|   0|  0|   13|           4|           6|
    |sub_ln947_2_fu_968_p2      |         -|   0|  0|   13|           4|           6|
    |sub_ln947_fu_543_p2        |         -|   0|  0|   13|           4|           6|
    |sub_ln959_1_fu_761_p2      |         -|   0|  0|   39|           5|          32|
    |sub_ln959_2_fu_1046_p2     |         -|   0|  0|   39|           5|          32|
    |sub_ln959_fu_640_p2        |         -|   0|  0|   39|           5|          32|
    |sub_ln964_1_fu_835_p2      |         -|   0|  0|   19|           4|           8|
    |sub_ln964_2_fu_1206_p2     |         -|   0|  0|   19|           4|           8|
    |sub_ln964_fu_716_p2        |         -|   0|  0|   19|           4|           8|
    |tmp_V_3_fu_904_p2          |         -|   0|  0|   39|           1|          32|
    |tmp_V_fu_479_p2            |         -|   0|  0|   39|           1|          32|
    |and_ln564_1_fu_1311_p2     |       and|   0|  0|    2|           1|           1|
    |and_ln564_fu_1305_p2       |       and|   0|  0|    2|           1|           1|
    |and_ln571_1_fu_1514_p2     |       and|   0|  0|    2|           1|           1|
    |and_ln571_fu_1428_p2       |       and|   0|  0|    2|           1|           1|
    |and_ln581_fu_1460_p2       |       and|   0|  0|    2|           1|           1|
    |and_ln582_1_fu_1454_p2     |       and|   0|  0|    2|           1|           1|
    |and_ln582_fu_1434_p2       |       and|   0|  0|    2|           1|           1|
    |and_ln585_1_fu_1525_p2     |       and|   0|  0|    2|           1|           1|
    |and_ln585_fu_1466_p2       |       and|   0|  0|    2|           1|           1|
    |and_ln603_1_fu_1492_p2     |       and|   0|  0|    2|           1|           1|
    |and_ln603_fu_1486_p2       |       and|   0|  0|    2|           1|           1|
    |and_ln949_1_fu_611_p2      |       and|   0|  0|    2|           1|           1|
    |and_ln949_2_fu_391_p2      |       and|   0|  0|   32|          32|          32|
    |and_ln949_3_fu_429_p2      |       and|   0|  0|    2|           1|           1|
    |and_ln949_4_fu_996_p2      |       and|   0|  0|   32|          32|          32|
    |and_ln949_5_fu_1036_p2     |       and|   0|  0|    2|           1|           1|
    |and_ln949_fu_571_p2        |       and|   0|  0|   32|          32|          32|
    |ashr_ln586_fu_1407_p2      |      ashr|   0|  0|  161|          54|          54|
    |icmp_ln563_fu_265_p2       |      icmp|   0|  0|   20|          32|          32|
    |icmp_ln564_1_fu_1154_p2    |      icmp|   0|  0|   16|          23|           1|
    |icmp_ln564_2_fu_1271_p2    |      icmp|   0|  0|   11|           8|           2|
    |icmp_ln564_3_fu_1277_p2    |      icmp|   0|  0|   16|          23|           1|
    |icmp_ln564_fu_1148_p2      |      icmp|   0|  0|   11|           8|           2|
    |icmp_ln571_fu_1286_p2      |      icmp|   0|  0|   28|          63|           1|
    |icmp_ln581_fu_1341_p2      |      icmp|   0|  0|   12|          12|           5|
    |icmp_ln582_fu_1368_p2      |      icmp|   0|  0|   12|          12|           5|
    |icmp_ln585_fu_1377_p2      |      icmp|   0|  0|   12|          12|           6|
    |icmp_ln603_fu_1393_p2      |      icmp|   0|  0|   10|           7|           1|
    |icmp_ln935_1_fu_1190_p2    |      icmp|   0|  0|   20|          32|           1|
    |icmp_ln935_fu_465_p2       |      icmp|   0|  0|   20|          32|           1|
    |icmp_ln946_1_fu_353_p2     |      icmp|   0|  0|   19|          31|           1|
    |icmp_ln946_2_fu_958_p2     |      icmp|   0|  0|   19|          31|           1|
    |icmp_ln946_fu_533_p2       |      icmp|   0|  0|   19|          31|           1|
    |icmp_ln949_1_fu_396_p2     |      icmp|   0|  0|   20|          32|           1|
    |icmp_ln949_2_fu_1002_p2    |      icmp|   0|  0|   20|          32|           1|
    |icmp_ln949_fu_577_p2       |      icmp|   0|  0|   20|          32|           1|
    |icmp_ln958_1_fu_423_p2     |      icmp|   0|  0|   20|          32|           1|
    |icmp_ln958_2_fu_1030_p2    |      icmp|   0|  0|   20|          32|           1|
    |icmp_ln958_fu_605_p2       |      icmp|   0|  0|   20|          32|           1|
    |tobool_i_i11_fu_226_p2     |      icmp|   0|  0|   20|          32|           1|
    |lshr_ln947_1_fu_373_p2     |      lshr|   0|  0|  100|           2|          32|
    |lshr_ln947_2_fu_978_p2     |      lshr|   0|  0|  100|           2|          32|
    |lshr_ln947_fu_553_p2       |      lshr|   0|  0|  100|           2|          32|
    |lshr_ln958_1_fu_784_p2     |      lshr|   0|  0|  182|          64|          64|
    |lshr_ln958_2_fu_1080_p2    |      lshr|   0|  0|  182|          64|          64|
    |lshr_ln958_fu_664_p2       |      lshr|   0|  0|  182|          64|          64|
    |or_ln564_1_fu_1301_p2      |        or|   0|  0|    2|           1|           1|
    |or_ln564_fu_1297_p2        |        or|   0|  0|    2|           1|           1|
    |or_ln585_fu_1531_p2        |        or|   0|  0|    2|           1|           1|
    |or_ln949_3_fu_565_p2       |        or|   0|  0|   32|          32|          32|
    |or_ln949_4_fu_990_p2       |        or|   0|  0|   32|          32|          32|
    |or_ln949_fu_385_p2         |        or|   0|  0|   32|          32|          32|
    |data_V_1_fu_1240_p3        |    select|   0|  0|   31|           1|           1|
    |i_2_fu_1553_p3             |    select|   0|  0|   32|           1|          32|
    |m_10_fu_789_p3             |    select|   0|  0|   64|           1|          64|
    |m_14_fu_1094_p3            |    select|   0|  0|   64|           1|          64|
    |m_17_fu_485_p3             |    select|   0|  0|   32|           1|          32|
    |m_20_fu_910_p3             |    select|   0|  0|   32|           1|          32|
    |m_fu_670_p3                |    select|   0|  0|   64|           1|          64|
    |man_V_2_fu_1334_p3         |    select|   0|  0|   54|           1|          54|
    |minVal_V_fu_1537_p3        |    select|   0|  0|   32|           1|           1|
    |retval_0_i_i73_fu_873_p3   |    select|   0|  0|   32|           1|          32|
    |select_ln564_fu_1506_p3    |    select|   0|  0|   32|           1|          32|
    |select_ln582_fu_1440_p3    |    select|   0|  0|   32|           1|          32|
    |select_ln585_2_fu_1545_p3  |    select|   0|  0|   32|           1|          32|
    |select_ln585_fu_1472_p3    |    select|   0|  0|   32|           1|          32|
    |select_ln603_fu_1498_p3    |    select|   0|  0|   32|           1|          32|
    |select_ln935_fu_754_p3     |    select|   0|  0|   32|           1|           1|
    |select_ln943_1_fu_827_p3   |    select|   0|  0|    7|           1|           7|
    |select_ln943_2_fu_1199_p3  |    select|   0|  0|    7|           1|           7|
    |select_ln943_fu_708_p3     |    select|   0|  0|    7|           1|           7|
    |select_ln946_1_fu_435_p3   |    select|   0|  0|    2|           1|           1|
    |select_ln946_2_fu_1062_p3  |    select|   0|  0|    2|           1|           1|
    |select_ln946_fu_617_p3     |    select|   0|  0|    2|           1|           1|
    |select_ln958_2_fu_443_p3   |    select|   0|  0|    2|           1|           1|
    |select_ln958_4_fu_1086_p3  |    select|   0|  0|    2|           1|           1|
    |select_ln958_fu_625_p3     |    select|   0|  0|    2|           1|           1|
    |sh_amt_fu_1356_p3          |    select|   0|  0|   12|           1|          12|
    |tmp_V_5_fu_246_p3          |    select|   0|  0|   32|           1|          32|
    |shl_ln604_fu_1417_p2       |       shl|   0|  0|  100|          32|          32|
    |shl_ln949_1_fu_379_p2      |       shl|   0|  0|  100|           1|          32|
    |shl_ln949_2_fu_984_p2      |       shl|   0|  0|  100|           1|          32|
    |shl_ln949_fu_559_p2        |       shl|   0|  0|  100|           1|          32|
    |shl_ln959_1_fu_770_p2      |       shl|   0|  0|  182|          64|          64|
    |shl_ln959_2_fu_1056_p2     |       shl|   0|  0|  182|          64|          64|
    |shl_ln959_fu_649_p2        |       shl|   0|  0|  182|          64|          64|
    |ap_enable_pp0              |       xor|   0|  0|    2|           1|           2|
    |xor_ln571_fu_1423_p2       |       xor|   0|  0|    2|           1|           2|
    |xor_ln581_fu_1480_p2       |       xor|   0|  0|    2|           1|           2|
    |xor_ln582_fu_1448_p2       |       xor|   0|  0|    2|           1|           2|
    |xor_ln585_fu_1519_p2       |       xor|   0|  0|    2|           1|           2|
    |xor_ln949_1_fu_410_p2      |       xor|   0|  0|    2|           1|           2|
    |xor_ln949_2_fu_1016_p2     |       xor|   0|  0|    2|           1|           2|
    |xor_ln949_fu_591_p2        |       xor|   0|  0|    2|           1|           2|
    +---------------------------+----------+----+---+-----+------------+------------+
    |Total                      |          |   0|  0| 4417|        1849|        2246|
    +---------------------------+----------+----+---+-----+------------+------------+

    * Multiplexer: 
    +-------------------------------------+----+-----------+-----+-----------+
    |                 Name                | LUT| Input Size| Bits| Total Bits|
    +-------------------------------------+----+-----------+-----+-----------+
    |ap_NS_fsm                            |  31|          6|    1|          6|
    |ap_enable_reg_pp0_iter3              |   9|          2|    1|          2|
    |ap_enable_reg_pp0_iter4              |  14|          3|    1|          3|
    |ap_phi_mux_i_phi_fu_178_p4           |   9|          2|   32|         64|
    |ap_phi_mux_minVal_V_2_phi_fu_190_p4  |   9|          2|   32|         64|
    |i_reg_174                            |   9|          2|   32|         64|
    |index_reg_198                        |   9|          2|   32|         64|
    |minVal_V_2_reg_186                   |   9|          2|   32|         64|
    +-------------------------------------+----+-----------+-----+-----------+
    |Total                                |  99|         21|  163|        331|
    +-------------------------------------+----+-----------+-----+-----------+

    * Register: 
    +--------------------------+----+----+-----+-----------+
    |           Name           | FF | LUT| Bits| Const Bits|
    +--------------------------+----+----+-----+-----------+
    |F2_reg_1766               |  12|   0|   12|          0|
    |add_ln563_reg_1634        |  32|   0|   32|          0|
    |ap_CS_fsm                 |   5|   0|    5|          0|
    |ap_enable_reg_pp0_iter0   |   1|   0|    1|          0|
    |ap_enable_reg_pp0_iter1   |   1|   0|    1|          0|
    |ap_enable_reg_pp0_iter2   |   1|   0|    1|          0|
    |ap_enable_reg_pp0_iter3   |   1|   0|    1|          0|
    |ap_enable_reg_pp0_iter4   |   1|   0|    1|          0|
    |bitcast_ln351_reg_1690    |  31|   0|   32|          1|
    |dc_reg_1685               |  32|   0|   32|          0|
    |exp_tmp_reg_1735          |  11|   0|   11|          0|
    |i_reg_174                 |  32|   0|   32|          0|
    |icmp_ln563_reg_1604       |   1|   0|    1|          0|
    |icmp_ln564_1_reg_1720     |   1|   0|    1|          0|
    |icmp_ln564_2_reg_1750     |   1|   0|    1|          0|
    |icmp_ln564_3_reg_1755     |   1|   0|    1|          0|
    |icmp_ln564_reg_1715       |   1|   0|    1|          0|
    |icmp_ln571_reg_1760       |   1|   0|    1|          0|
    |icmp_ln935_reg_1639       |   1|   0|    1|          0|
    |icmp_ln958_1_reg_1619     |   1|   0|    1|          0|
    |icmp_ln958_reg_1660       |   1|   0|    1|          0|
    |index_reg_198             |  32|   0|   32|          0|
    |m_17_reg_1649             |  32|   0|   32|          0|
    |m_21_reg_1700             |  63|   0|   63|          0|
    |m_5_reg_1593              |  32|   0|   64|         32|
    |minVal_V_2_reg_186        |  32|   0|   32|          0|
    |num_points_load_reg_1571  |  32|   0|   32|          0|
    |p_Result_11_reg_1705      |   1|   0|    1|          0|
    |p_Result_16_reg_1644      |   1|   0|    1|          0|
    |p_Result_20_reg_1581      |   1|   0|    1|          0|
    |p_Result_25_reg_1695      |   1|   0|    1|          0|
    |p_Result_29_reg_1730      |   1|   0|    1|          0|
    |retval_0_i_i73_reg_1680   |  32|   0|   32|          0|
    |select_ln935_reg_1675     |  32|   0|   32|          0|
    |select_ln958_2_reg_1624   |   1|   0|    1|          0|
    |select_ln958_reg_1665     |   1|   0|    1|          0|
    |shl_ln_reg_1599           |   3|   0|   16|         13|
    |sub_ln944_1_reg_1613      |  32|   0|   32|          0|
    |sub_ln944_reg_1654        |  32|   0|   32|          0|
    |tmp_V_5_reg_1586          |  32|   0|   32|          0|
    |tobool_i_i11_reg_1576     |   1|   0|    1|          0|
    |trunc_ln555_reg_1725      |  63|   0|   63|          0|
    |trunc_ln565_reg_1740      |  52|   0|   52|          0|
    |trunc_ln943_1_reg_1629    |   8|   0|    8|          0|
    |trunc_ln943_2_reg_1710    |   8|   0|    8|          0|
    |trunc_ln943_reg_1670      |   8|   0|    8|          0|
    |i_reg_174                 |  64|  32|   32|          0|
    |icmp_ln563_reg_1604       |  64|  32|    1|          0|
    +--------------------------+----+----+-----+-----------+
    |Total                     | 830|  64|  781|         46|
    +--------------------------+----+----+-----+-----------+



================================================================
== Interface
================================================================
* Summary: 
+---------------------+-----+-----+------------+------------------+--------------+
|      RTL Ports      | Dir | Bits|  Protocol  |   Source Object  |    C Type    |
+---------------------+-----+-----+------------+------------------+--------------+
|ap_clk               |   in|    1|  ap_ctrl_hs|  get_index_from_z|  return value|
|ap_rst               |   in|    1|  ap_ctrl_hs|  get_index_from_z|  return value|
|ap_start             |   in|    1|  ap_ctrl_hs|  get_index_from_z|  return value|
|ap_done              |  out|    1|  ap_ctrl_hs|  get_index_from_z|  return value|
|ap_idle              |  out|    1|  ap_ctrl_hs|  get_index_from_z|  return value|
|ap_ready             |  out|    1|  ap_ctrl_hs|  get_index_from_z|  return value|
|ap_return            |  out|   32|  ap_ctrl_hs|  get_index_from_z|  return value|
|points_address0      |  out|   12|   ap_memory|            points|         array|
|points_ce0           |  out|    1|   ap_memory|            points|         array|
|points_q0            |   in|  128|   ap_memory|            points|         array|
|num_points_address0  |  out|    3|   ap_memory|        num_points|         array|
|num_points_ce0       |  out|    1|   ap_memory|        num_points|         array|
|num_points_q0        |   in|   32|   ap_memory|        num_points|         array|
|layer                |   in|    3|     ap_none|             layer|        scalar|
|z_value              |   in|   32|     ap_none|           z_value|        scalar|
+---------------------+-----+-----+------------+------------------+--------------+

