

================================================================
== Vitis HLS Report for 'straightLineProjectorFromLayerIJtoK'
================================================================
* Date:           Tue Jul  9 11:01:03 2024

* Version:        2020.2 (Build 3064766 on Wed Nov 18 09:12:45 MST 2020)
* Project:        PartitionAcceleratorHLS
* Solution:       solution1 (Vivado IP Flow Target)
* Product family: virtexuplus
* Target device:  xcvu11p-flga2577-1-e


================================================================
== Performance Estimates
================================================================
+ Timing: 
    * Summary: 
    +--------+----------+----------+------------+
    |  Clock |  Target  | Estimated| Uncertainty|
    +--------+----------+----------+------------+
    |ap_clk  |  10.00 ns|  6.666 ns|     2.70 ns|
    +--------+----------+----------+------------+

+ Latency: 
    * Summary: 
    +---------+---------+----------+----------+-----+-----+---------+
    |  Latency (cycles) |  Latency (absolute) |  Interval | Pipeline|
    |   min   |   max   |    min   |    max   | min | max |   Type  |
    +---------+---------+----------+----------+-----+-----+---------+
    |       50|       50|  0.500 us|  0.500 us|    1|    1|      yes|
    +---------+---------+----------+----------+-----+-----+---------+

    + Detail: 
        * Instance: 
        N/A

        * Loop: 
        N/A



================================================================
== Utilization Estimates
================================================================
* Summary: 
+---------------------+---------+------+---------+---------+-----+
|         Name        | BRAM_18K|  DSP |    FF   |   LUT   | URAM|
+---------------------+---------+------+---------+---------+-----+
|DSP                  |        -|     -|        -|        -|    -|
|Expression           |        -|     -|        0|      177|    -|
|FIFO                 |        -|     -|        -|        -|    -|
|Instance             |        -|     0|     4613|     3546|    -|
|Memory               |        0|     -|       32|        3|    -|
|Multiplexer          |        -|     -|        -|        -|    -|
|Register             |        -|     -|      238|       64|    -|
+---------------------+---------+------+---------+---------+-----+
|Total                |        0|     0|     4883|     3790|    0|
+---------------------+---------+------+---------+---------+-----+
|Available SLR        |     1344|  3072|   864000|   432000|  320|
+---------------------+---------+------+---------+---------+-----+
|Utilization SLR (%)  |        0|     0|       ~0|       ~0|    0|
+---------------------+---------+------+---------+---------+-----+
|Available            |     4032|  9216|  2592000|  1296000|  960|
+---------------------+---------+------+---------+---------+-----+
|Utilization (%)      |        0|     0|       ~0|       ~0|    0|
+---------------------+---------+------+---------+---------+-----+

+ Detail: 
    * Instance: 
    +---------------------------+-----------------------+---------+----+------+------+-----+
    |          Instance         |         Module        | BRAM_18K| DSP|  FF  |  LUT | URAM|
    +---------------------------+-----------------------+---------+----+------+------+-----+
    |mul_33s_32s_52_1_1_U61     |mul_33s_32s_52_1_1     |        0|   0|     0|    21|    0|
    |sdiv_46ns_26s_32_50_1_U60  |sdiv_46ns_26s_32_50_1  |        0|   0|  4613|  3525|    0|
    +---------------------------+-----------------------+---------+----+------+------+-----+
    |Total                      |                       |        0|   0|  4613|  3546|    0|
    +---------------------------+-----------------------+---------+----+------+------+-----+

    * DSP: 
    N/A

    * Memory: 
    +------------------+----------------------------------------------+---------+----+----+-----+------+-----+------+-------------+
    |      Memory      |                    Module                    | BRAM_18K| FF | LUT| URAM| Words| Bits| Banks| W*Bits*Banks|
    +------------------+----------------------------------------------+---------+----+----+-----+------+-----+------+-------------+
    |get_radiiradii_U  |alignedtoline_per_layer_loop3_get_radiiradii  |        0|  32|   3|    0|     5|   32|     1|          160|
    +------------------+----------------------------------------------+---------+----+----+-----+------+-----+------+-------------+
    |Total             |                                              |        0|  32|   3|    0|     5|   32|     1|          160|
    +------------------+----------------------------------------------+---------+----+----+-----+------+-----+------+-------------+

    * FIFO: 
    N/A

    * Expression: 
    +-----------------------+----------+----+---+----+------------+------------+
    |     Variable Name     | Operation| DSP| FF| LUT| Bitwidth P0| Bitwidth P1|
    +-----------------------+----------+----+---+----+------------+------------+
    |add_ln31_fu_75_p2      |         +|   0|  0|  10|           3|           2|
    |ret_V_2_fu_166_p2      |         +|   0|  0|  59|          52|          52|
    |ret_V_fu_109_p2        |         +|   0|  0|  33|          26|          24|
    |ret_V_3_fu_135_p2      |         -|   0|  0|  40|          33|          33|
    |icmp_ln870_fu_69_p2    |      icmp|   0|  0|   8|           3|           1|
    |radius_j_V_2_fu_98_p3  |    select|   0|  0|  25|           1|           1|
    |ap_enable_pp0          |       xor|   0|  0|   2|           1|           2|
    +-----------------------+----------+----+---+----+------------+------------+
    |Total                  |          |   0|  0| 177|         119|         115|
    +-----------------------+----------+----+---+----+------------+------------+

    * Multiplexer: 
    N/A

    * Register: 
    +--------------------------+----+----+-----+-----------+
    |           Name           | FF | LUT| Bits| Const Bits|
    +--------------------------+----+----+-----+-----------+
    |ap_CS_fsm                 |   1|   0|    1|          0|
    |ap_enable_reg_pp0_iter1   |   1|   0|    1|          0|
    |ap_enable_reg_pp0_iter10  |   1|   0|    1|          0|
    |ap_enable_reg_pp0_iter11  |   1|   0|    1|          0|
    |ap_enable_reg_pp0_iter12  |   1|   0|    1|          0|
    |ap_enable_reg_pp0_iter13  |   1|   0|    1|          0|
    |ap_enable_reg_pp0_iter14  |   1|   0|    1|          0|
    |ap_enable_reg_pp0_iter15  |   1|   0|    1|          0|
    |ap_enable_reg_pp0_iter16  |   1|   0|    1|          0|
    |ap_enable_reg_pp0_iter17  |   1|   0|    1|          0|
    |ap_enable_reg_pp0_iter18  |   1|   0|    1|          0|
    |ap_enable_reg_pp0_iter19  |   1|   0|    1|          0|
    |ap_enable_reg_pp0_iter2   |   1|   0|    1|          0|
    |ap_enable_reg_pp0_iter20  |   1|   0|    1|          0|
    |ap_enable_reg_pp0_iter21  |   1|   0|    1|          0|
    |ap_enable_reg_pp0_iter22  |   1|   0|    1|          0|
    |ap_enable_reg_pp0_iter23  |   1|   0|    1|          0|
    |ap_enable_reg_pp0_iter24  |   1|   0|    1|          0|
    |ap_enable_reg_pp0_iter25  |   1|   0|    1|          0|
    |ap_enable_reg_pp0_iter26  |   1|   0|    1|          0|
    |ap_enable_reg_pp0_iter27  |   1|   0|    1|          0|
    |ap_enable_reg_pp0_iter28  |   1|   0|    1|          0|
    |ap_enable_reg_pp0_iter29  |   1|   0|    1|          0|
    |ap_enable_reg_pp0_iter3   |   1|   0|    1|          0|
    |ap_enable_reg_pp0_iter30  |   1|   0|    1|          0|
    |ap_enable_reg_pp0_iter31  |   1|   0|    1|          0|
    |ap_enable_reg_pp0_iter32  |   1|   0|    1|          0|
    |ap_enable_reg_pp0_iter33  |   1|   0|    1|          0|
    |ap_enable_reg_pp0_iter34  |   1|   0|    1|          0|
    |ap_enable_reg_pp0_iter35  |   1|   0|    1|          0|
    |ap_enable_reg_pp0_iter36  |   1|   0|    1|          0|
    |ap_enable_reg_pp0_iter37  |   1|   0|    1|          0|
    |ap_enable_reg_pp0_iter38  |   1|   0|    1|          0|
    |ap_enable_reg_pp0_iter39  |   1|   0|    1|          0|
    |ap_enable_reg_pp0_iter4   |   1|   0|    1|          0|
    |ap_enable_reg_pp0_iter40  |   1|   0|    1|          0|
    |ap_enable_reg_pp0_iter41  |   1|   0|    1|          0|
    |ap_enable_reg_pp0_iter42  |   1|   0|    1|          0|
    |ap_enable_reg_pp0_iter43  |   1|   0|    1|          0|
    |ap_enable_reg_pp0_iter44  |   1|   0|    1|          0|
    |ap_enable_reg_pp0_iter45  |   1|   0|    1|          0|
    |ap_enable_reg_pp0_iter46  |   1|   0|    1|          0|
    |ap_enable_reg_pp0_iter47  |   1|   0|    1|          0|
    |ap_enable_reg_pp0_iter48  |   1|   0|    1|          0|
    |ap_enable_reg_pp0_iter49  |   1|   0|    1|          0|
    |ap_enable_reg_pp0_iter5   |   1|   0|    1|          0|
    |ap_enable_reg_pp0_iter50  |   1|   0|    1|          0|
    |ap_enable_reg_pp0_iter6   |   1|   0|    1|          0|
    |ap_enable_reg_pp0_iter7   |   1|   0|    1|          0|
    |ap_enable_reg_pp0_iter8   |   1|   0|    1|          0|
    |ap_enable_reg_pp0_iter9   |   1|   0|    1|          0|
    |icmp_ln870_reg_193        |   1|   0|    1|          0|
    |z_i_read_reg_187          |  26|   0|   26|          0|
    |z_j_read_reg_182          |  32|   0|   32|          0|
    |z_i_read_reg_187          |  64|  32|   26|          0|
    |z_j_read_reg_182          |  64|  32|   32|          0|
    +--------------------------+----+----+-----+-----------+
    |Total                     | 238|  64|  168|          0|
    +--------------------------+----+----+-----+-----------+



================================================================
== Interface
================================================================
* Summary: 
+-----------+-----+-----+------------+-------------------------------------+--------------+
| RTL Ports | Dir | Bits|  Protocol  |            Source Object            |    C Type    |
+-----------+-----+-----+------------+-------------------------------------+--------------+
|ap_clk     |   in|    1|  ap_ctrl_hs|  straightLineProjectorFromLayerIJtoK|  return value|
|ap_rst     |   in|    1|  ap_ctrl_hs|  straightLineProjectorFromLayerIJtoK|  return value|
|ap_start   |   in|    1|  ap_ctrl_hs|  straightLineProjectorFromLayerIJtoK|  return value|
|ap_done    |  out|    1|  ap_ctrl_hs|  straightLineProjectorFromLayerIJtoK|  return value|
|ap_idle    |  out|    1|  ap_ctrl_hs|  straightLineProjectorFromLayerIJtoK|  return value|
|ap_ready   |  out|    1|  ap_ctrl_hs|  straightLineProjectorFromLayerIJtoK|  return value|
|ap_ce      |   in|    1|  ap_ctrl_hs|  straightLineProjectorFromLayerIJtoK|  return value|
|ap_return  |  out|   32|  ap_ctrl_hs|  straightLineProjectorFromLayerIJtoK|  return value|
|z_i        |   in|   26|     ap_none|                                  z_i|        scalar|
|z_j        |   in|   32|     ap_none|                                  z_j|        scalar|
|j          |   in|    3|     ap_none|                                    j|        scalar|
+-----------+-----+-----+------------+-------------------------------------+--------------+

