

================================================================
== Vitis HLS Report for 'get_index_from_z'
================================================================
* Date:           Mon Jul  1 18:54:23 2024

* Version:        2020.2 (Build 3064766 on Wed Nov 18 09:12:45 MST 2020)
* Project:        PatchMaker_tanishGit
* Solution:       solution1 (Vivado IP Flow Target)
* Product family: virtexuplus
* Target device:  xcvu19p-fsvb3824-2-e


================================================================
== Performance Estimates
================================================================
+ Timing: 
    * Summary: 
    +--------+----------+----------+------------+
    |  Clock |  Target  | Estimated| Uncertainty|
    +--------+----------+----------+------------+
    |ap_clk  |  10.00 ns|  6.157 ns|     2.70 ns|
    +--------+----------+----------+------------+

+ Latency: 
    * Summary: 
    +---------+---------+----------+----------+-----+-----+---------+
    |  Latency (cycles) |  Latency (absolute) |  Interval | Pipeline|
    |   min   |   max   |    min   |    max   | min | max |   Type  |
    +---------+---------+----------+----------+-----+-----+---------+
    |        ?|        ?|         ?|         ?|    ?|    ?|     none|
    +---------+---------+----------+----------+-----+-----+---------+

    + Detail: 
        * Instance: 
        N/A

        * Loop: 
        +----------------------+---------+---------+----------+-----------+-----------+------+----------+
        |                      |  Latency (cycles) | Iteration|  Initiation Interval  | Trip |          |
        |       Loop Name      |   min   |   max   |  Latency |  achieved |   target  | Count| Pipelined|
        +----------------------+---------+---------+----------+-----------+-----------+------+----------+
        |- getIndexFromZ_loop  |        ?|        ?|         6|          1|          1|     ?|       yes|
        +----------------------+---------+---------+----------+-----------+-----------+------+----------+



================================================================
== Utilization Estimates
================================================================
* Summary: 
+---------------------+---------+------+---------+---------+-----+
|         Name        | BRAM_18K|  DSP |    FF   |   LUT   | URAM|
+---------------------+---------+------+---------+---------+-----+
|DSP                  |        -|     -|        -|        -|    -|
|Expression           |        -|     -|        0|     2496|    -|
|FIFO                 |        -|     -|        -|        -|    -|
|Instance             |        -|     8|        0|       50|    -|
|Memory               |        -|     -|        -|        -|    -|
|Multiplexer          |        -|     -|        -|       85|    -|
|Register             |        -|     -|      583|       64|    -|
+---------------------+---------+------+---------+---------+-----+
|Total                |        0|     8|      583|     2695|    0|
+---------------------+---------+------+---------+---------+-----+
|Available SLR        |     1080|   960|  2042880|  1021440|   80|
+---------------------+---------+------+---------+---------+-----+
|Utilization SLR (%)  |        0|    ~0|       ~0|       ~0|    0|
+---------------------+---------+------+---------+---------+-----+
|Available            |     4320|  3840|  8171520|  4085760|  320|
+---------------------+---------+------+---------+---------+-----+
|Utilization (%)      |        0|    ~0|       ~0|       ~0|    0|
+---------------------+---------+------+---------+---------+-----+

+ Detail: 
    * Instance: 
    +-------------------------------+---------------------------+---------+----+---+----+-----+
    |            Instance           |           Module          | BRAM_18K| DSP| FF| LUT| URAM|
    +-------------------------------+---------------------------+---------+----+---+----+-----+
    |mul_64ns_66ns_129_1_1_U86      |mul_64ns_66ns_129_1_1      |        0|   8|  0|  50|    0|
    |sitodp_64ns_64_2_no_dsp_1_U85  |sitodp_64ns_64_2_no_dsp_1  |        0|   0|  0|   0|    0|
    +-------------------------------+---------------------------+---------+----+---+----+-----+
    |Total                          |                           |        0|   8|  0|  50|    0|
    +-------------------------------+---------------------------+---------+----+---+----+-----+

    * DSP: 
    N/A

    * Memory: 
    N/A

    * FIFO: 
    N/A

    * Expression: 
    +-----------------------+----------+----+---+-----+------------+------------+
    |     Variable Name     | Operation| DSP| FF| LUT | Bitwidth P0| Bitwidth P1|
    +-----------------------+----------+----+---+-----+------------+------------+
    |add_ln438_fu_220_p2    |         +|   0|  0|   39|          32|           1|
    |add_ln440_fu_334_p2    |         +|   0|  0|   64|          64|          64|
    |add_ln510_fu_400_p2    |         +|   0|  0|   19|          12|          11|
    |add_ln54_fu_265_p2     |         +|   0|  0|   46|          39|          39|
    |sub_ln1311_fu_414_p2   |         -|   0|  0|   18|          10|          11|
    |sub_ln440_1_fu_361_p2  |         -|   0|  0|   71|          64|          64|
    |sub_ln440_fu_328_p2    |         -|   0|  0|   64|          64|          64|
    |sub_ln54_14_fu_255_p2  |         -|   0|  0|   45|          38|          38|
    |sub_ln54_fu_204_p2     |         -|   0|  0|   24|          17|          17|
    |icmp_ln438_fu_226_p2   |      icmp|   0|  0|   20|          32|          32|
    |icmp_ln441_fu_481_p2   |      icmp|   0|  0|   29|          64|          64|
    |lshr_ln440_fu_351_p2   |      lshr|   0|  0|  686|         192|         192|
    |r_V_fu_439_p2          |      lshr|   0|  0|  591|         169|         169|
    |or_ln54_fu_210_p2      |        or|   0|  0|   17|          17|           5|
    |index_1_fu_495_p3      |    select|   0|  0|   32|           1|          32|
    |minVal_1_fu_487_p3     |    select|   0|  0|   63|           1|          64|
    |ush_fu_423_p3          |    select|   0|  0|   12|           1|          12|
    |val_fu_473_p3          |    select|   0|  0|   63|           1|          64|
    |r_V_15_fu_445_p2       |       shl|   0|  0|  591|         169|         169|
    |ap_enable_pp0          |       xor|   0|  0|    2|           1|           2|
    +-----------------------+----------+----+---+-----+------------+------------+
    |Total                  |          |   0|  0| 2496|         988|        1114|
    +-----------------------+----------+----+---+-----+------------+------------+

    * Multiplexer: 
    +----------------------------+----+-----------+-----+-----------+
    |            Name            | LUT| Input Size| Bits| Total Bits|
    +----------------------------+----+-----------+-----+-----------+
    |ap_NS_fsm                   |  26|          5|    1|          5|
    |ap_enable_reg_pp0_iter4     |   9|          2|    1|          2|
    |ap_enable_reg_pp0_iter5     |  14|          3|    1|          3|
    |ap_phi_mux_i_phi_fu_142_p4  |   9|          2|   32|         64|
    |i_reg_138                   |   9|          2|   32|         64|
    |index_reg_150               |   9|          2|   32|         64|
    |minVal_reg_162              |   9|          2|   64|        128|
    +----------------------------+----+-----------+-----+-----------+
    |Total                       |  85|         18|  163|        330|
    +----------------------------+----+-----------+-----+-----------+

    * Register: 
    +-------------------------+----+----+-----+-----------+
    |           Name          | FF | LUT| Bits| Const Bits|
    +-------------------------+----+----+-----+-----------+
    |GDn_points_load_reg_519  |  32|   0|   32|          0|
    |add_ln438_reg_529        |  32|   0|   32|          0|
    |add_ln440_reg_548        |  61|   0|   64|          3|
    |add_ln54_reg_538         |  36|   0|   39|          3|
    |ap_CS_fsm                |   4|   0|    4|          0|
    |ap_enable_reg_pp0_iter0  |   1|   0|    1|          0|
    |ap_enable_reg_pp0_iter1  |   1|   0|    1|          0|
    |ap_enable_reg_pp0_iter2  |   1|   0|    1|          0|
    |ap_enable_reg_pp0_iter3  |   1|   0|    1|          0|
    |ap_enable_reg_pp0_iter4  |   1|   0|    1|          0|
    |ap_enable_reg_pp0_iter5  |   1|   0|    1|          0|
    |i_reg_138                |  32|   0|   32|          0|
    |icmp_ln438_reg_534       |   1|   0|    1|          0|
    |index_reg_150            |  32|   0|   32|          0|
    |minVal_reg_162           |  64|   0|   64|          0|
    |sext_ln438_reg_524       |  28|   0|   39|         11|
    |sub_ln440_1_reg_553      |  64|   0|   64|          0|
    |tmp_87_reg_558           |  11|   0|   11|          0|
    |tmp_88_reg_564           |  52|   0|   52|          0|
    |i_reg_138                |  64|  32|   32|          0|
    |icmp_ln438_reg_534       |  64|  32|    1|          0|
    +-------------------------+----+----+-----+-----------+
    |Total                    | 583|  64|  505|         17|
    +-------------------------+----+----+-----+-----------+



================================================================
== Interface
================================================================
* Summary: 
+---------------------+-----+-----+------------+------------------+--------------+
|      RTL Ports      | Dir | Bits|  Protocol  |   Source Object  |    C Type    |
+---------------------+-----+-----+------------+------------------+--------------+
|ap_clk               |   in|    1|  ap_ctrl_hs|  get_index_from_z|  return value|
|ap_rst               |   in|    1|  ap_ctrl_hs|  get_index_from_z|  return value|
|ap_start             |   in|    1|  ap_ctrl_hs|  get_index_from_z|  return value|
|ap_done              |  out|    1|  ap_ctrl_hs|  get_index_from_z|  return value|
|ap_idle              |  out|    1|  ap_ctrl_hs|  get_index_from_z|  return value|
|ap_ready             |  out|    1|  ap_ctrl_hs|  get_index_from_z|  return value|
|ap_return            |  out|   32|  ap_ctrl_hs|  get_index_from_z|  return value|
|GDarray_address0     |  out|   11|   ap_memory|           GDarray|         array|
|GDarray_ce0          |  out|    1|   ap_memory|           GDarray|         array|
|GDarray_q0           |   in|  192|   ap_memory|           GDarray|         array|
|GDn_points_address0  |  out|    3|   ap_memory|        GDn_points|         array|
|GDn_points_ce0       |  out|    1|   ap_memory|        GDn_points|         array|
|GDn_points_q0        |   in|   32|   ap_memory|        GDn_points|         array|
|layer                |   in|    3|     ap_none|             layer|        scalar|
|z_value              |   in|   64|     ap_none|           z_value|        scalar|
+---------------------+-----+-----+------------+------------------+--------------+

